ARM Linker, 4.1 [Build 791] [Professional]

==============================================================================

Section Cross References

    stm32f10x_it.o(.text) refers to stm32f10x_usart.o(.text) for USART_GetITStatus
    stm32f10x_it.o(.text) refers to use_pid.o(.text) for WakeupPid
    stm32f10x_it.o(.text) refers to main.o(.data) for targetValue
    main.o(.text) refers to stm32f10x_rcc.o(.text) for RCC_DeInit
    main.o(.text) refers to use_uart.o(.text) for User_USART_Configuration
    main.o(.text) refers to use_adc.o(.text) for User_ADC_Configuration
    main.o(.text) refers to use_pwm.o(.text) for User_PWM_Configuration
    main.o(.text) refers to use_pid.o(.text) for init_PID
    main.o(.text) refers to printf1.o(i.__0printf$1) for __2printf
    main.o(.text) refers to fadd.o(.text) for __aeabi_fadd
    main.o(.text) refers to cfrcmple.o(.text) for __aeabi_cfrcmple
    main.o(.text) refers to cfcmple.o(.text) for __aeabi_cfcmple
    main.o(.text) refers to delay.o(.text) for delay_ms
    main.o(.text) refers to fdiv.o(.text) for __aeabi_fdiv
    main.o(.text) refers to main.o(.data) for targetValue
    main.o(.text) refers to use_pid.o(.bss) for error
    stm32f10x_adc.o(.text) refers to stm32f10x_rcc.o(.text) for RCC_APB2PeriphResetCmd
    stm32f10x_bkp.o(.text) refers to stm32f10x_rcc.o(.text) for RCC_BackupResetCmd
    stm32f10x_can.o(.text) refers to stm32f10x_rcc.o(.text) for RCC_APB1PeriphResetCmd
    stm32f10x_cec.o(.text) refers to stm32f10x_rcc.o(.text) for RCC_APB1PeriphResetCmd
    stm32f10x_dac.o(.text) refers to stm32f10x_rcc.o(.text) for RCC_APB1PeriphResetCmd
    stm32f10x_gpio.o(.text) refers to stm32f10x_rcc.o(.text) for RCC_APB2PeriphResetCmd
    stm32f10x_i2c.o(.text) refers to stm32f10x_rcc.o(.text) for RCC_APB1PeriphResetCmd
    stm32f10x_pwr.o(.text) refers to stm32f10x_rcc.o(.text) for RCC_APB1PeriphResetCmd
    stm32f10x_rcc.o(.text) refers to stm32f10x_rcc.o(.data) for APBAHBPrescTable
    stm32f10x_spi.o(.text) refers to stm32f10x_rcc.o(.text) for RCC_APB2PeriphResetCmd
    stm32f10x_tim.o(.text) refers to stm32f10x_rcc.o(.text) for RCC_APB2PeriphResetCmd
    stm32f10x_usart.o(.text) refers to stm32f10x_rcc.o(.text) for RCC_APB2PeriphResetCmd
    stm32f10x_wwdg.o(.text) refers to stm32f10x_rcc.o(.text) for RCC_APB1PeriphResetCmd
    startup_stm32f10x_hd.o(RESET) refers to startup_stm32f10x_hd.o(STACK) for __initial_sp
    startup_stm32f10x_hd.o(RESET) refers to startup_stm32f10x_hd.o(.text) for Reset_Handler
    startup_stm32f10x_hd.o(RESET) refers to stm32f10x_it.o(.text) for NMI_Handler
    startup_stm32f10x_hd.o(.text) refers to system_stm32f10x.o(.text) for SystemInit
    startup_stm32f10x_hd.o(.text) refers to entry.o(.ARM.Collect$$$$00000000) for __main
    system_stm32f10x.o(.text) refers to system_stm32f10x.o(.data) for SystemCoreClock
    use_uart.o(.text) refers to stm32f10x_usart.o(.text) for USART_SendData
    use_uart.o(.text) refers to stm32f10x_rcc.o(.text) for RCC_APB2PeriphClockCmd
    use_uart.o(.text) refers to stm32f10x_gpio.o(.text) for GPIO_Init
    use_uart.o(.text) refers to misc.o(.text) for NVIC_PriorityGroupConfig
    use_adc.o(.text) refers to stm32f10x_dma.o(.text) for DMA_DeInit
    use_adc.o(.text) refers to stm32f10x_adc.o(.text) for ADC_Init
    use_adc.o(.text) refers to stm32f10x_gpio.o(.text) for GPIO_Init
    use_adc.o(.text) refers to stm32f10x_rcc.o(.text) for RCC_APB2PeriphClockCmd
    use_adc.o(.text) refers to delay.o(.text) for delay_us
    use_adc.o(.text) refers to use_adc.o(.data) for ADC1ConvertedValue
    use_pwm.o(.text) refers to stm32f10x_gpio.o(.text) for GPIO_Init
    use_pwm.o(.text) refers to stm32f10x_rcc.o(.text) for RCC_APB2PeriphClockCmd
    use_pwm.o(.text) refers to stm32f10x_tim.o(.text) for TIM_TimeBaseInit
    use_pwm.o(.text) refers to fmul.o(.text) for __aeabi_fmul
    use_pwm.o(.text) refers to ffixui.o(.text) for __aeabi_f2uiz
    use_pwm.o(.text) refers to use_pwm.o(.data) for TimerPeriod
    use_pwm.o(.text) refers to use_pwm.o(.bss) for TIM_TimeBaseStructure
    use_pid.o(.text) refers to fflti.o(.text) for __aeabi_i2f
    use_pid.o(.text) refers to fmul.o(.text) for __aeabi_fmul
    use_pid.o(.text) refers to fadd.o(.text) for __aeabi_fadd
    use_pid.o(.text) refers to cfrcmple.o(.text) for __aeabi_cfrcmple
    use_pid.o(.text) refers to cfcmple.o(.text) for __aeabi_cfcmple
    use_pid.o(.text) refers to use_pid.o(.bss) for error
    use_pid.o(.text) refers to use_pid.o(.data) for needPid
    use_pid.o(.text) refers to main.o(.data) for targetValue
    entry.o(.ARM.Collect$$$$00000000) refers (Special) to entry7b.o(.ARM.Collect$$$$00000008) for _main_clock
    entry.o(.ARM.Collect$$$$00000000) refers (Special) to entry8.o(.ARM.Collect$$$$00000009) for _main_init
    entry.o(.ARM.Collect$$$$00000000) refers (Special) to entry5.o(.ARM.Collect$$$$00000004) for _main_scatterload
    entry.o(.ARM.Collect$$$$00000000) refers (Special) to entry2.o(.ARM.Collect$$$$00000001) for _main_stk
    printfb.o(i.__0fprintf$bare) refers to printfb.o(i._printf_core) for _printf_core
    printfb.o(i.__0fprintf$bare) refers to use_uart.o(.text) for fputc
    printfb.o(i.__0printf$bare) refers to printfb.o(i._printf_core) for _printf_core
    printfb.o(i.__0printf$bare) refers to use_uart.o(.text) for fputc
    printfb.o(i.__0printf$bare) refers to stdout.o(.data) for __stdout
    printfb.o(i.__0snprintf$bare) refers to printfb.o(i._printf_core) for _printf_core
    printfb.o(i.__0snprintf$bare) refers to printfb.o(i._snputc) for _snputc
    printfb.o(i.__0sprintf$bare) refers to printfb.o(i._printf_core) for _printf_core
    printfb.o(i.__0sprintf$bare) refers to printfb.o(i._sputc) for _sputc
    printfb.o(i.__0vfprintf$bare) refers to printfb.o(i._printf_core) for _printf_core
    printfb.o(i.__0vfprintf$bare) refers to use_uart.o(.text) for fputc
    printfb.o(i.__0vprintf$bare) refers to printfb.o(i._printf_core) for _printf_core
    printfb.o(i.__0vprintf$bare) refers to use_uart.o(.text) for fputc
    printfb.o(i.__0vprintf$bare) refers to stdout.o(.data) for __stdout
    printfb.o(i.__0vsnprintf$bare) refers to printfb.o(i._printf_core) for _printf_core
    printfb.o(i.__0vsnprintf$bare) refers to printfb.o(i._snputc) for _snputc
    printfb.o(i.__0vsprintf$bare) refers to printfb.o(i._printf_core) for _printf_core
    printfb.o(i.__0vsprintf$bare) refers to printfb.o(i._sputc) for _sputc
    printf0.o(i.__0fprintf$0) refers to printf0.o(i._printf_core) for _printf_core
    printf0.o(i.__0fprintf$0) refers to use_uart.o(.text) for fputc
    printf0.o(i.__0printf$0) refers to printf0.o(i._printf_core) for _printf_core
    printf0.o(i.__0printf$0) refers to use_uart.o(.text) for fputc
    printf0.o(i.__0printf$0) refers to stdout.o(.data) for __stdout
    printf0.o(i.__0snprintf$0) refers to printf0.o(i._printf_core) for _printf_core
    printf0.o(i.__0snprintf$0) refers to printf0.o(i._snputc) for _snputc
    printf0.o(i.__0sprintf$0) refers to printf0.o(i._printf_core) for _printf_core
    printf0.o(i.__0sprintf$0) refers to printf0.o(i._sputc) for _sputc
    printf0.o(i.__0vfprintf$0) refers to printf0.o(i._printf_core) for _printf_core
    printf0.o(i.__0vfprintf$0) refers to use_uart.o(.text) for fputc
    printf0.o(i.__0vprintf$0) refers to printf0.o(i._printf_core) for _printf_core
    printf0.o(i.__0vprintf$0) refers to use_uart.o(.text) for fputc
    printf0.o(i.__0vprintf$0) refers to stdout.o(.data) for __stdout
    printf0.o(i.__0vsnprintf$0) refers to printf0.o(i._printf_core) for _printf_core
    printf0.o(i.__0vsnprintf$0) refers to printf0.o(i._snputc) for _snputc
    printf0.o(i.__0vsprintf$0) refers to printf0.o(i._printf_core) for _printf_core
    printf0.o(i.__0vsprintf$0) refers to printf0.o(i._sputc) for _sputc
    printf1.o(i.__0fprintf$1) refers to printf1.o(i._printf_core) for _printf_core
    printf1.o(i.__0fprintf$1) refers to use_uart.o(.text) for fputc
    printf1.o(i.__0printf$1) refers to printf1.o(i._printf_core) for _printf_core
    printf1.o(i.__0printf$1) refers to use_uart.o(.text) for fputc
    printf1.o(i.__0printf$1) refers to stdout.o(.data) for __stdout
    printf1.o(i.__0snprintf$1) refers to printf1.o(i._printf_core) for _printf_core
    printf1.o(i.__0snprintf$1) refers to printf1.o(i._snputc) for _snputc
    printf1.o(i.__0sprintf$1) refers to printf1.o(i._printf_core) for _printf_core
    printf1.o(i.__0sprintf$1) refers to printf1.o(i._sputc) for _sputc
    printf1.o(i.__0vfprintf$1) refers to printf1.o(i._printf_core) for _printf_core
    printf1.o(i.__0vfprintf$1) refers to use_uart.o(.text) for fputc
    printf1.o(i.__0vprintf$1) refers to printf1.o(i._printf_core) for _printf_core
    printf1.o(i.__0vprintf$1) refers to use_uart.o(.text) for fputc
    printf1.o(i.__0vprintf$1) refers to stdout.o(.data) for __stdout
    printf1.o(i.__0vsnprintf$1) refers to printf1.o(i._printf_core) for _printf_core
    printf1.o(i.__0vsnprintf$1) refers to printf1.o(i._snputc) for _snputc
    printf1.o(i.__0vsprintf$1) refers to printf1.o(i._printf_core) for _printf_core
    printf1.o(i.__0vsprintf$1) refers to printf1.o(i._sputc) for _sputc
    printf1.o(i._printf_core) refers to uidiv.o(.text) for __aeabi_uidivmod
    printf2.o(i.__0fprintf$2) refers to printf2.o(i._printf_core) for _printf_core
    printf2.o(i.__0fprintf$2) refers to use_uart.o(.text) for fputc
    printf2.o(i.__0printf$2) refers to printf2.o(i._printf_core) for _printf_core
    printf2.o(i.__0printf$2) refers to use_uart.o(.text) for fputc
    printf2.o(i.__0printf$2) refers to stdout.o(.data) for __stdout
    printf2.o(i.__0snprintf$2) refers to printf2.o(i._printf_core) for _printf_core
    printf2.o(i.__0snprintf$2) refers to printf2.o(i._snputc) for _snputc
    printf2.o(i.__0sprintf$2) refers to printf2.o(i._printf_core) for _printf_core
    printf2.o(i.__0sprintf$2) refers to printf2.o(i._sputc) for _sputc
    printf2.o(i.__0vfprintf$2) refers to printf2.o(i._printf_core) for _printf_core
    printf2.o(i.__0vfprintf$2) refers to use_uart.o(.text) for fputc
    printf2.o(i.__0vprintf$2) refers to printf2.o(i._printf_core) for _printf_core
    printf2.o(i.__0vprintf$2) refers to use_uart.o(.text) for fputc
    printf2.o(i.__0vprintf$2) refers to stdout.o(.data) for __stdout
    printf2.o(i.__0vsnprintf$2) refers to printf2.o(i._printf_core) for _printf_core
    printf2.o(i.__0vsnprintf$2) refers to printf2.o(i._snputc) for _snputc
    printf2.o(i.__0vsprintf$2) refers to printf2.o(i._printf_core) for _printf_core
    printf2.o(i.__0vsprintf$2) refers to printf2.o(i._sputc) for _sputc
    printf3.o(i.__0fprintf$3) refers to printf3.o(i._printf_core) for _printf_core
    printf3.o(i.__0fprintf$3) refers to use_uart.o(.text) for fputc
    printf3.o(i.__0printf$3) refers to printf3.o(i._printf_core) for _printf_core
    printf3.o(i.__0printf$3) refers to use_uart.o(.text) for fputc
    printf3.o(i.__0printf$3) refers to stdout.o(.data) for __stdout
    printf3.o(i.__0snprintf$3) refers to printf3.o(i._printf_core) for _printf_core
    printf3.o(i.__0snprintf$3) refers to printf3.o(i._snputc) for _snputc
    printf3.o(i.__0sprintf$3) refers to printf3.o(i._printf_core) for _printf_core
    printf3.o(i.__0sprintf$3) refers to printf3.o(i._sputc) for _sputc
    printf3.o(i.__0vfprintf$3) refers to printf3.o(i._printf_core) for _printf_core
    printf3.o(i.__0vfprintf$3) refers to use_uart.o(.text) for fputc
    printf3.o(i.__0vprintf$3) refers to printf3.o(i._printf_core) for _printf_core
    printf3.o(i.__0vprintf$3) refers to use_uart.o(.text) for fputc
    printf3.o(i.__0vprintf$3) refers to stdout.o(.data) for __stdout
    printf3.o(i.__0vsnprintf$3) refers to printf3.o(i._printf_core) for _printf_core
    printf3.o(i.__0vsnprintf$3) refers to printf3.o(i._snputc) for _snputc
    printf3.o(i.__0vsprintf$3) refers to printf3.o(i._printf_core) for _printf_core
    printf3.o(i.__0vsprintf$3) refers to printf3.o(i._sputc) for _sputc
    printf3.o(i._printf_core) refers to uidiv.o(.text) for __aeabi_uidivmod
    printf4.o(i.__0fprintf$4) refers to printf4.o(i._printf_core) for _printf_core
    printf4.o(i.__0fprintf$4) refers to use_uart.o(.text) for fputc
    printf4.o(i.__0printf$4) refers to printf4.o(i._printf_core) for _printf_core
    printf4.o(i.__0printf$4) refers to use_uart.o(.text) for fputc
    printf4.o(i.__0printf$4) refers to stdout.o(.data) for __stdout
    printf4.o(i.__0snprintf$4) refers to printf4.o(i._printf_core) for _printf_core
    printf4.o(i.__0snprintf$4) refers to printf4.o(i._snputc) for _snputc
    printf4.o(i.__0sprintf$4) refers to printf4.o(i._printf_core) for _printf_core
    printf4.o(i.__0sprintf$4) refers to printf4.o(i._sputc) for _sputc
    printf4.o(i.__0vfprintf$4) refers to printf4.o(i._printf_core) for _printf_core
    printf4.o(i.__0vfprintf$4) refers to use_uart.o(.text) for fputc
    printf4.o(i.__0vprintf$4) refers to printf4.o(i._printf_core) for _printf_core
    printf4.o(i.__0vprintf$4) refers to use_uart.o(.text) for fputc
    printf4.o(i.__0vprintf$4) refers to stdout.o(.data) for __stdout
    printf4.o(i.__0vsnprintf$4) refers to printf4.o(i._printf_core) for _printf_core
    printf4.o(i.__0vsnprintf$4) refers to printf4.o(i._snputc) for _snputc
    printf4.o(i.__0vsprintf$4) refers to printf4.o(i._printf_core) for _printf_core
    printf4.o(i.__0vsprintf$4) refers to printf4.o(i._sputc) for _sputc
    printf4.o(i._printf_core) refers to uldiv.o(.text) for __aeabi_uldivmod
    printf5.o(i.__0fprintf$5) refers to printf5.o(i._printf_core) for _printf_core
    printf5.o(i.__0fprintf$5) refers to use_uart.o(.text) for fputc
    printf5.o(i.__0printf$5) refers to printf5.o(i._printf_core) for _printf_core
    printf5.o(i.__0printf$5) refers to use_uart.o(.text) for fputc
    printf5.o(i.__0printf$5) refers to stdout.o(.data) for __stdout
    printf5.o(i.__0snprintf$5) refers to printf5.o(i._printf_core) for _printf_core
    printf5.o(i.__0snprintf$5) refers to printf5.o(i._snputc) for _snputc
    printf5.o(i.__0sprintf$5) refers to printf5.o(i._printf_core) for _printf_core
    printf5.o(i.__0sprintf$5) refers to printf5.o(i._sputc) for _sputc
    printf5.o(i.__0vfprintf$5) refers to printf5.o(i._printf_core) for _printf_core
    printf5.o(i.__0vfprintf$5) refers to use_uart.o(.text) for fputc
    printf5.o(i.__0vprintf$5) refers to printf5.o(i._printf_core) for _printf_core
    printf5.o(i.__0vprintf$5) refers to use_uart.o(.text) for fputc
    printf5.o(i.__0vprintf$5) refers to stdout.o(.data) for __stdout
    printf5.o(i.__0vsnprintf$5) refers to printf5.o(i._printf_core) for _printf_core
    printf5.o(i.__0vsnprintf$5) refers to printf5.o(i._snputc) for _snputc
    printf5.o(i.__0vsprintf$5) refers to printf5.o(i._printf_core) for _printf_core
    printf5.o(i.__0vsprintf$5) refers to printf5.o(i._sputc) for _sputc
    printf5.o(i._printf_core) refers to uldiv.o(.text) for __aeabi_uldivmod
    printf6.o(i.__0fprintf$6) refers to printf6.o(i._printf_core) for _printf_core
    printf6.o(i.__0fprintf$6) refers to use_uart.o(.text) for fputc
    printf6.o(i.__0printf$6) refers to printf6.o(i._printf_core) for _printf_core
    printf6.o(i.__0printf$6) refers to use_uart.o(.text) for fputc
    printf6.o(i.__0printf$6) refers to stdout.o(.data) for __stdout
    printf6.o(i.__0snprintf$6) refers to printf6.o(i._printf_core) for _printf_core
    printf6.o(i.__0snprintf$6) refers to printf6.o(i._snputc) for _snputc
    printf6.o(i.__0sprintf$6) refers to printf6.o(i._printf_core) for _printf_core
    printf6.o(i.__0sprintf$6) refers to printf6.o(i._sputc) for _sputc
    printf6.o(i.__0vfprintf$6) refers to printf6.o(i._printf_core) for _printf_core
    printf6.o(i.__0vfprintf$6) refers to use_uart.o(.text) for fputc
    printf6.o(i.__0vprintf$6) refers to printf6.o(i._printf_core) for _printf_core
    printf6.o(i.__0vprintf$6) refers to use_uart.o(.text) for fputc
    printf6.o(i.__0vprintf$6) refers to stdout.o(.data) for __stdout
    printf6.o(i.__0vsnprintf$6) refers to printf6.o(i._printf_core) for _printf_core
    printf6.o(i.__0vsnprintf$6) refers to printf6.o(i._snputc) for _snputc
    printf6.o(i.__0vsprintf$6) refers to printf6.o(i._printf_core) for _printf_core
    printf6.o(i.__0vsprintf$6) refers to printf6.o(i._sputc) for _sputc
    printf6.o(i._printf_core) refers to printf6.o(i._printf_pre_padding) for _printf_pre_padding
    printf6.o(i._printf_core) refers to uidiv.o(.text) for __aeabi_uidivmod
    printf6.o(i._printf_core) refers to printf6.o(i._printf_post_padding) for _printf_post_padding
    printf7.o(i.__0fprintf$7) refers to printf7.o(i._printf_core) for _printf_core
    printf7.o(i.__0fprintf$7) refers to use_uart.o(.text) for fputc
    printf7.o(i.__0printf$7) refers to printf7.o(i._printf_core) for _printf_core
    printf7.o(i.__0printf$7) refers to use_uart.o(.text) for fputc
    printf7.o(i.__0printf$7) refers to stdout.o(.data) for __stdout
    printf7.o(i.__0snprintf$7) refers to printf7.o(i._printf_core) for _printf_core
    printf7.o(i.__0snprintf$7) refers to printf7.o(i._snputc) for _snputc
    printf7.o(i.__0sprintf$7) refers to printf7.o(i._printf_core) for _printf_core
    printf7.o(i.__0sprintf$7) refers to printf7.o(i._sputc) for _sputc
    printf7.o(i.__0vfprintf$7) refers to printf7.o(i._printf_core) for _printf_core
    printf7.o(i.__0vfprintf$7) refers to use_uart.o(.text) for fputc
    printf7.o(i.__0vprintf$7) refers to printf7.o(i._printf_core) for _printf_core
    printf7.o(i.__0vprintf$7) refers to use_uart.o(.text) for fputc
    printf7.o(i.__0vprintf$7) refers to stdout.o(.data) for __stdout
    printf7.o(i.__0vsnprintf$7) refers to printf7.o(i._printf_core) for _printf_core
    printf7.o(i.__0vsnprintf$7) refers to printf7.o(i._snputc) for _snputc
    printf7.o(i.__0vsprintf$7) refers to printf7.o(i._printf_core) for _printf_core
    printf7.o(i.__0vsprintf$7) refers to printf7.o(i._sputc) for _sputc
    printf7.o(i._printf_core) refers to printf7.o(i._printf_pre_padding) for _printf_pre_padding
    printf7.o(i._printf_core) refers to uldiv.o(.text) for __aeabi_uldivmod
    printf7.o(i._printf_core) refers to printf7.o(i._printf_post_padding) for _printf_post_padding
    printf8.o(i.__0fprintf$8) refers to printf8.o(i._printf_core) for _printf_core
    printf8.o(i.__0fprintf$8) refers to use_uart.o(.text) for fputc
    printf8.o(i.__0printf$8) refers to printf8.o(i._printf_core) for _printf_core
    printf8.o(i.__0printf$8) refers to use_uart.o(.text) for fputc
    printf8.o(i.__0printf$8) refers to stdout.o(.data) for __stdout
    printf8.o(i.__0snprintf$8) refers to printf8.o(i._printf_core) for _printf_core
    printf8.o(i.__0snprintf$8) refers to printf8.o(i._snputc) for _snputc
    printf8.o(i.__0sprintf$8) refers to printf8.o(i._printf_core) for _printf_core
    printf8.o(i.__0sprintf$8) refers to printf8.o(i._sputc) for _sputc
    printf8.o(i.__0vfprintf$8) refers to printf8.o(i._printf_core) for _printf_core
    printf8.o(i.__0vfprintf$8) refers to use_uart.o(.text) for fputc
    printf8.o(i.__0vprintf$8) refers to printf8.o(i._printf_core) for _printf_core
    printf8.o(i.__0vprintf$8) refers to use_uart.o(.text) for fputc
    printf8.o(i.__0vprintf$8) refers to stdout.o(.data) for __stdout
    printf8.o(i.__0vsnprintf$8) refers to printf8.o(i._printf_core) for _printf_core
    printf8.o(i.__0vsnprintf$8) refers to printf8.o(i._snputc) for _snputc
    printf8.o(i.__0vsprintf$8) refers to printf8.o(i._printf_core) for _printf_core
    printf8.o(i.__0vsprintf$8) refers to printf8.o(i._sputc) for _sputc
    printf8.o(i._printf_core) refers to printf8.o(i._printf_pre_padding) for _printf_pre_padding
    printf8.o(i._printf_core) refers to uldiv.o(.text) for __aeabi_uldivmod
    printf8.o(i._printf_core) refers to printf8.o(i._printf_post_padding) for _printf_post_padding
    printfa.o(i.__0fprintf) refers (Special) to iusefp.o(.text) for __I$use$fp
    printfa.o(i.__0fprintf) refers to printfa.o(i._printf_core) for _printf_core
    printfa.o(i.__0fprintf) refers to use_uart.o(.text) for fputc
    printfa.o(i.__0printf) refers (Special) to iusefp.o(.text) for __I$use$fp
    printfa.o(i.__0printf) refers to printfa.o(i._printf_core) for _printf_core
    printfa.o(i.__0printf) refers to use_uart.o(.text) for fputc
    printfa.o(i.__0printf) refers to stdout.o(.data) for __stdout
    printfa.o(i.__0snprintf) refers (Special) to iusefp.o(.text) for __I$use$fp
    printfa.o(i.__0snprintf) refers to printfa.o(i._printf_core) for _printf_core
    printfa.o(i.__0snprintf) refers to printfa.o(i._snputc) for _snputc
    printfa.o(i.__0sprintf) refers (Special) to iusefp.o(.text) for __I$use$fp
    printfa.o(i.__0sprintf) refers to printfa.o(i._printf_core) for _printf_core
    printfa.o(i.__0sprintf) refers to printfa.o(i._sputc) for _sputc
    printfa.o(i.__0vfprintf) refers (Special) to iusefp.o(.text) for __I$use$fp
    printfa.o(i.__0vfprintf) refers to printfa.o(i._printf_core) for _printf_core
    printfa.o(i.__0vfprintf) refers to use_uart.o(.text) for fputc
    printfa.o(i.__0vprintf) refers (Special) to iusefp.o(.text) for __I$use$fp
    printfa.o(i.__0vprintf) refers to printfa.o(i._printf_core) for _printf_core
    printfa.o(i.__0vprintf) refers to use_uart.o(.text) for fputc
    printfa.o(i.__0vprintf) refers to stdout.o(.data) for __stdout
    printfa.o(i.__0vsnprintf) refers (Special) to iusefp.o(.text) for __I$use$fp
    printfa.o(i.__0vsnprintf) refers to printfa.o(i._printf_core) for _printf_core
    printfa.o(i.__0vsnprintf) refers to printfa.o(i._snputc) for _snputc
    printfa.o(i.__0vsprintf) refers (Special) to iusefp.o(.text) for __I$use$fp
    printfa.o(i.__0vsprintf) refers to printfa.o(i._printf_core) for _printf_core
    printfa.o(i.__0vsprintf) refers to printfa.o(i._sputc) for _sputc
    printfa.o(i._fp_digits) refers (Special) to iusefp.o(.text) for __I$use$fp
    printfa.o(i._fp_digits) refers to dmul.o(.text) for __aeabi_dmul
    printfa.o(i._fp_digits) refers to ddiv.o(.text) for __aeabi_ddiv
    printfa.o(i._fp_digits) refers to cdrcmple.o(.text) for __aeabi_cdrcmple
    printfa.o(i._fp_digits) refers to dadd.o(.text) for __aeabi_dadd
    printfa.o(i._fp_digits) refers to dfixul.o(.text) for __aeabi_d2ulz
    printfa.o(i._fp_digits) refers to uldiv.o(.text) for __aeabi_uldivmod
    printfa.o(i._printf_core) refers (Special) to iusefp.o(.text) for __I$use$fp
    printfa.o(i._printf_core) refers to printfa.o(i._printf_pre_padding) for _printf_pre_padding
    printfa.o(i._printf_core) refers to uldiv.o(.text) for __aeabi_uldivmod
    printfa.o(i._printf_core) refers to printfa.o(i._printf_post_padding) for _printf_post_padding
    printfa.o(i._printf_core) refers to printfa.o(i._fp_digits) for _fp_digits
    printfa.o(i._printf_core) refers to uidiv.o(.text) for __aeabi_uidivmod
    printfa.o(i._printf_post_padding) refers (Special) to iusefp.o(.text) for __I$use$fp
    printfa.o(i._printf_pre_padding) refers (Special) to iusefp.o(.text) for __I$use$fp
    printfa.o(i._snputc) refers (Special) to iusefp.o(.text) for __I$use$fp
    printfa.o(i._sputc) refers (Special) to iusefp.o(.text) for __I$use$fp
    fadd.o(.text) refers (Special) to iusefp.o(.text) for __I$use$fp
    fadd.o(.text) refers to fepilogue.o(.text) for _float_epilogue
    fmul.o(.text) refers (Special) to iusefp.o(.text) for __I$use$fp
    fdiv.o(.text) refers (Special) to iusefp.o(.text) for __I$use$fp
    fdiv.o(.text) refers to fepilogue.o(.text) for _float_round
    fflti.o(.text) refers (Special) to iusefp.o(.text) for __I$use$fp
    fflti.o(.text) refers to fepilogue.o(.text) for _float_epilogue
    ffixui.o(.text) refers (Special) to iusefp.o(.text) for __I$use$fp
    cfcmple.o(.text) refers (Special) to iusefp.o(.text) for __I$use$fp
    cfrcmple.o(.text) refers (Special) to iusefp.o(.text) for __I$use$fp
    entry2.o(.ARM.Collect$$$$00000001) refers to entry2.o(.ARM.Collect$$$$00002712) for __lit__00000000
    entry2.o(.ARM.Collect$$$$00002712) refers to startup_stm32f10x_hd.o(STACK) for __initial_sp
    entry2.o(__vectab_stack_and_reset_area) refers to startup_stm32f10x_hd.o(STACK) for __initial_sp
    entry2.o(__vectab_stack_and_reset_area) refers to entry.o(.ARM.Collect$$$$00000000) for __main
    entry5.o(.ARM.Collect$$$$00000004) refers to init.o(.text) for __scatterload
    entry8.o(.ARM.Collect$$$$00000009) refers to main.o(.text) for main
    uldiv.o(.text) refers to llushr.o(.text) for __aeabi_llsr
    uldiv.o(.text) refers to llshl.o(.text) for __aeabi_llsl
    dadd.o(.text) refers to llshl.o(.text) for __aeabi_llsl
    dadd.o(.text) refers to llsshr.o(.text) for __aeabi_lasr
    dadd.o(.text) refers to depilogue.o(.text) for _double_epilogue
    dmul.o(.text) refers to depilogue.o(.text) for _double_epilogue
    ddiv.o(.text) refers to depilogue.o(.text) for _double_round
    dfixul.o(.text) refers to llushr.o(.text) for __aeabi_llsr
    dfixul.o(.text) refers to llshl.o(.text) for __aeabi_llsl
    init.o(.text) refers to entry5.o(.ARM.Collect$$$$00000004) for __main_after_scatterload
    depilogue.o(.text) refers to llshl.o(.text) for __aeabi_llsl
    depilogue.o(.text) refers to llushr.o(.text) for __aeabi_llsr


==============================================================================

Removing Unused input sections from the image.

    Removing stm32f10x_bkp.o(.text), (188 bytes).
    Removing stm32f10x_can.o(.text), (2752 bytes).
    Removing stm32f10x_cec.o(.text), (328 bytes).
    Removing stm32f10x_crc.o(.text), (80 bytes).
    Removing stm32f10x_dac.o(.text), (412 bytes).
    Removing stm32f10x_dbgmcu.o(.text), (52 bytes).
    Removing stm32f10x_exti.o(.text), (328 bytes).
    Removing stm32f10x_flash.o(.text), (1640 bytes).
    Removing stm32f10x_fsmc.o(.text), (1672 bytes).
    Removing stm32f10x_i2c.o(.text), (1130 bytes).
    Removing stm32f10x_iwdg.o(.text), (68 bytes).
    Removing stm32f10x_pwr.o(.text), (220 bytes).
    Removing stm32f10x_rtc.o(.text), (376 bytes).
    Removing stm32f10x_sdio.o(.text), (548 bytes).
    Removing stm32f10x_spi.o(.text), (912 bytes).
    Removing stm32f10x_wwdg.o(.text), (136 bytes).
    Removing startup_stm32f10x_hd.o(HEAP), (512 bytes).
    Removing core_cm3.o(.emb_text), (32 bytes).
    Removing dadd.o(.text), (332 bytes).
    Removing dmul.o(.text), (224 bytes).
    Removing ddiv.o(.text), (222 bytes).
    Removing dfixul.o(.text), (48 bytes).
    Removing cdrcmple.o(.text), (40 bytes).
    Removing depilogue.o(.text), (190 bytes).

24 unused section(s) (total 12442 bytes) removed from the image.

==============================================================================

Image Symbol Table

    Local Symbols

    Symbol Name                              Value     Ov Type        Size  Object(Section)

    ../../microlib/division.c                0x00000000   Number         0  uldiv.o ABSOLUTE
    ../../microlib/division.c                0x00000000   Number         0  uidiv.o ABSOLUTE
    ../../microlib/fpadd.c                   0x00000000   Number         0  dadd.o ABSOLUTE
    ../../microlib/fpadd.c                   0x00000000   Number         0  fadd.o ABSOLUTE
    ../../microlib/fpdiv.c                   0x00000000   Number         0  fdiv.o ABSOLUTE
    ../../microlib/fpdiv.c                   0x00000000   Number         0  ddiv.o ABSOLUTE
    ../../microlib/fpepilogue.c              0x00000000   Number         0  depilogue.o ABSOLUTE
    ../../microlib/fpepilogue.c              0x00000000   Number         0  fepilogue.o ABSOLUTE
    ../../microlib/fpfix.c                   0x00000000   Number         0  ffixui.o ABSOLUTE
    ../../microlib/fpfix.c                   0x00000000   Number         0  dfixul.o ABSOLUTE
    ../../microlib/fpflt.c                   0x00000000   Number         0  fflti.o ABSOLUTE
    ../../microlib/fpmul.c                   0x00000000   Number         0  dmul.o ABSOLUTE
    ../../microlib/fpmul.c                   0x00000000   Number         0  fmul.o ABSOLUTE
    ../../microlib/init/entry.s              0x00000000   Number         0  entry5.o ABSOLUTE
    ../../microlib/init/entry.s              0x00000000   Number         0  entry8.o ABSOLUTE
    ../../microlib/init/entry.s              0x00000000   Number         0  entry7a.o ABSOLUTE
    ../../microlib/init/entry.s              0x00000000   Number         0  entry.o ABSOLUTE
    ../../microlib/init/entry.s              0x00000000   Number         0  entry7b.o ABSOLUTE
    ../../microlib/init/entry.s              0x00000000   Number         0  entry2.o ABSOLUTE
    ../../microlib/longlong.c                0x00000000   Number         0  llsshr.o ABSOLUTE
    ../../microlib/longlong.c                0x00000000   Number         0  llushr.o ABSOLUTE
    ../../microlib/longlong.c                0x00000000   Number         0  llshl.o ABSOLUTE
    ../../microlib/printf/printf.c           0x00000000   Number         0  printf2.o ABSOLUTE
    ../../microlib/printf/printf.c           0x00000000   Number         0  printf3.o ABSOLUTE
    ../../microlib/printf/printf.c           0x00000000   Number         0  printf4.o ABSOLUTE
    ../../microlib/printf/printf.c           0x00000000   Number         0  printf5.o ABSOLUTE
    ../../microlib/printf/printf.c           0x00000000   Number         0  printf7.o ABSOLUTE
    ../../microlib/printf/printf.c           0x00000000   Number         0  printf8.o ABSOLUTE
    ../../microlib/printf/printf.c           0x00000000   Number         0  printfa.o ABSOLUTE
    ../../microlib/printf/printf.c           0x00000000   Number         0  printf6.o ABSOLUTE
    ../../microlib/printf/printf.c           0x00000000   Number         0  printfb.o ABSOLUTE
    ../../microlib/printf/printf.c           0x00000000   Number         0  printf0.o ABSOLUTE
    ../../microlib/printf/printf.c           0x00000000   Number         0  printf1.o ABSOLUTE
    ../../microlib/printf/stubs.s            0x00000000   Number         0  stubs.o ABSOLUTE
    ../../microlib/stdio/streams.c           0x00000000   Number         0  stdout.o ABSOLUTE
    ../../microlib/stubs.s                   0x00000000   Number         0  iusefp.o ABSOLUTE
    ..\..\APP\SRC\use_adc.c                  0x00000000   Number         0  use_adc.o ABSOLUTE
    ..\..\APP\SRC\use_pid.c                  0x00000000   Number         0  use_pid.o ABSOLUTE
    ..\..\APP\SRC\use_pwm.c                  0x00000000   Number         0  use_pwm.o ABSOLUTE
    ..\..\APP\SRC\use_uart.c                 0x00000000   Number         0  use_uart.o ABSOLUTE
    ..\..\Libraries\CMSIS\CM3\CoreSupport\core_cm3.c 0x00000000   Number         0  core_cm3.o ABSOLUTE
    ..\..\Libraries\CMSIS\CM3\DeviceSupport\ST\STM32F10x\startup\arm\startup_stm32f10x_hd.s 0x00000000   Number         0  startup_stm32f10x_hd.o ABSOLUTE
    ..\..\Libraries\STM32F10x_StdPeriph_Driver\src\misc.c 0x00000000   Number         0  misc.o ABSOLUTE
    ..\..\Libraries\STM32F10x_StdPeriph_Driver\src\stm32f10x_adc.c 0x00000000   Number         0  stm32f10x_adc.o ABSOLUTE
    ..\..\Libraries\STM32F10x_StdPeriph_Driver\src\stm32f10x_bkp.c 0x00000000   Number         0  stm32f10x_bkp.o ABSOLUTE
    ..\..\Libraries\STM32F10x_StdPeriph_Driver\src\stm32f10x_can.c 0x00000000   Number         0  stm32f10x_can.o ABSOLUTE
    ..\..\Libraries\STM32F10x_StdPeriph_Driver\src\stm32f10x_cec.c 0x00000000   Number         0  stm32f10x_cec.o ABSOLUTE
    ..\..\Libraries\STM32F10x_StdPeriph_Driver\src\stm32f10x_crc.c 0x00000000   Number         0  stm32f10x_crc.o ABSOLUTE
    ..\..\Libraries\STM32F10x_StdPeriph_Driver\src\stm32f10x_dac.c 0x00000000   Number         0  stm32f10x_dac.o ABSOLUTE
    ..\..\Libraries\STM32F10x_StdPeriph_Driver\src\stm32f10x_dbgmcu.c 0x00000000   Number         0  stm32f10x_dbgmcu.o ABSOLUTE
    ..\..\Libraries\STM32F10x_StdPeriph_Driver\src\stm32f10x_dma.c 0x00000000   Number         0  stm32f10x_dma.o ABSOLUTE
    ..\..\Libraries\STM32F10x_StdPeriph_Driver\src\stm32f10x_exti.c 0x00000000   Number         0  stm32f10x_exti.o ABSOLUTE
    ..\..\Libraries\STM32F10x_StdPeriph_Driver\src\stm32f10x_flash.c 0x00000000   Number         0  stm32f10x_flash.o ABSOLUTE
    ..\..\Libraries\STM32F10x_StdPeriph_Driver\src\stm32f10x_fsmc.c 0x00000000   Number         0  stm32f10x_fsmc.o ABSOLUTE
    ..\..\Libraries\STM32F10x_StdPeriph_Driver\src\stm32f10x_gpio.c 0x00000000   Number         0  stm32f10x_gpio.o ABSOLUTE
    ..\..\Libraries\STM32F10x_StdPeriph_Driver\src\stm32f10x_i2c.c 0x00000000   Number         0  stm32f10x_i2c.o ABSOLUTE
    ..\..\Libraries\STM32F10x_StdPeriph_Driver\src\stm32f10x_iwdg.c 0x00000000   Number         0  stm32f10x_iwdg.o ABSOLUTE
    ..\..\Libraries\STM32F10x_StdPeriph_Driver\src\stm32f10x_pwr.c 0x00000000   Number         0  stm32f10x_pwr.o ABSOLUTE
    ..\..\Libraries\STM32F10x_StdPeriph_Driver\src\stm32f10x_rcc.c 0x00000000   Number         0  stm32f10x_rcc.o ABSOLUTE
    ..\..\Libraries\STM32F10x_StdPeriph_Driver\src\stm32f10x_rtc.c 0x00000000   Number         0  stm32f10x_rtc.o ABSOLUTE
    ..\..\Libraries\STM32F10x_StdPeriph_Driver\src\stm32f10x_sdio.c 0x00000000   Number         0  stm32f10x_sdio.o ABSOLUTE
    ..\..\Libraries\STM32F10x_StdPeriph_Driver\src\stm32f10x_spi.c 0x00000000   Number         0  stm32f10x_spi.o ABSOLUTE
    ..\..\Libraries\STM32F10x_StdPeriph_Driver\src\stm32f10x_tim.c 0x00000000   Number         0  stm32f10x_tim.o ABSOLUTE
    ..\..\Libraries\STM32F10x_StdPeriph_Driver\src\stm32f10x_usart.c 0x00000000   Number         0  stm32f10x_usart.o ABSOLUTE
    ..\..\Libraries\STM32F10x_StdPeriph_Driver\src\stm32f10x_wwdg.c 0x00000000   Number         0  stm32f10x_wwdg.o ABSOLUTE
    ..\..\USER\SRC\delay.c                   0x00000000   Number         0  delay.o ABSOLUTE
    ..\..\USER\SRC\main.c                    0x00000000   Number         0  main.o ABSOLUTE
    ..\..\USER\SRC\stm32f10x_it.c            0x00000000   Number         0  stm32f10x_it.o ABSOLUTE
    ..\..\USER\SRC\system_stm32f10x.c        0x00000000   Number         0  system_stm32f10x.o ABSOLUTE
    ..\\..\\Libraries\\CMSIS\\CM3\\CoreSupport\\core_cm3.c 0x00000000   Number         0  core_cm3.o ABSOLUTE
    cdrcmple.s                               0x00000000   Number         0  cdrcmple.o ABSOLUTE
    cfcmple.s                                0x00000000   Number         0  cfcmple.o ABSOLUTE
    cfrcmple.s                               0x00000000   Number         0  cfrcmple.o ABSOLUTE
    dc.s                                     0x00000000   Number         0  dc.o ABSOLUTE
    handlers.s                               0x00000000   Number         0  handlers.o ABSOLUTE
    init.s                                   0x00000000   Number         0  init.o ABSOLUTE
    RESET                                    0x08000000   Section      304  startup_stm32f10x_hd.o(RESET)
    .ARM.Collect$$$$00000000                 0x08000130   Section        0  entry.o(.ARM.Collect$$$$00000000)
    .ARM.Collect$$$$00000001                 0x08000130   Section        4  entry2.o(.ARM.Collect$$$$00000001)
    .ARM.Collect$$$$00000004                 0x08000134   Section        4  entry5.o(.ARM.Collect$$$$00000004)
    .ARM.Collect$$$$00000008                 0x08000138   Section        0  entry7b.o(.ARM.Collect$$$$00000008)
    .ARM.Collect$$$$00000009                 0x08000138   Section        8  entry8.o(.ARM.Collect$$$$00000009)
    .ARM.Collect$$$$00002712                 0x08000140   Section        4  entry2.o(.ARM.Collect$$$$00002712)
    __lit__00000000                          0x08000140   Data           4  entry2.o(.ARM.Collect$$$$00002712)
    .text                                    0x08000144   Section        0  stm32f10x_it.o(.text)
    .text                                    0x08000194   Section        0  main.o(.text)
    .text                                    0x080002e8   Section        0  delay.o(.text)
    .text                                    0x08000360   Section        0  misc.o(.text)
    .text                                    0x08000460   Section        0  stm32f10x_adc.o(.text)
    .text                                    0x08000938   Section        0  stm32f10x_dma.o(.text)
    .text                                    0x08000b88   Section        0  stm32f10x_gpio.o(.text)
    .text                                    0x08000f34   Section        0  stm32f10x_rcc.o(.text)
    .text                                    0x08001348   Section        0  stm32f10x_tim.o(.text)
    TI4_Config                               0x08001859   Thumb Code   138  stm32f10x_tim.o(.text)
    TI3_Config                               0x080018f9   Thumb Code   134  stm32f10x_tim.o(.text)
    TI2_Config                               0x08001999   Thumb Code   138  stm32f10x_tim.o(.text)
    TI1_Config                               0x08001a39   Thumb Code   124  stm32f10x_tim.o(.text)
    .text                                    0x08002318   Section        0  stm32f10x_usart.o(.text)
    .text                                    0x080027c0   Section       36  startup_stm32f10x_hd.o(.text)
    .text                                    0x080027e4   Section        0  system_stm32f10x.o(.text)
    SetSysClockTo72                          0x080027e5   Thumb Code   200  system_stm32f10x.o(.text)
    SetSysClock                              0x080028ad   Thumb Code     8  system_stm32f10x.o(.text)
    .text                                    0x080029c4   Section        0  use_uart.o(.text)
    USART_Configuration                      0x080029e5   Thumb Code    66  use_uart.o(.text)
    USART_GPIO_Configuration                 0x08002a27   Thumb Code    76  use_uart.o(.text)
    USART_NVIC_Configuration                 0x08002a73   Thumb Code    42  use_uart.o(.text)
    .text                                    0x08002ab4   Section        0  use_adc.o(.text)
    ADC_DMA_Configuration                    0x08002ab5   Thumb Code    88  use_adc.o(.text)
    ADC_Configuration                        0x08002b0d   Thumb Code   126  use_adc.o(.text)
    ADC_GPIO_Configuration                   0x08002b8b   Thumb Code    46  use_adc.o(.text)
    .text                                    0x08002c0c   Section        0  use_pwm.o(.text)
    PWM_GPIO_Configuration                   0x08002c0d   Thumb Code    62  use_pwm.o(.text)
    PWM_TIM_Configuration                    0x08002c4b   Thumb Code   110  use_pwm.o(.text)
    .text                                    0x08002d50   Section        0  use_pid.o(.text)
    .text                                    0x08002e58   Section        0  fadd.o(.text)
    .text                                    0x08002f08   Section        0  fmul.o(.text)
    .text                                    0x08002f74   Section        0  fdiv.o(.text)
    .text                                    0x08002ff4   Section        0  fflti.o(.text)
    .text                                    0x08003006   Section        0  ffixui.o(.text)
    .text                                    0x08003030   Section       20  cfcmple.o(.text)
    .text                                    0x08003044   Section       20  cfrcmple.o(.text)
    .text                                    0x08003058   Section        0  uidiv.o(.text)
    .text                                    0x08003084   Section        0  iusefp.o(.text)
    .text                                    0x08003084   Section        0  fepilogue.o(.text)
    .text                                    0x080030f0   Section       36  init.o(.text)
    i.__0printf$1                            0x08003114   Section        0  printf1.o(i.__0printf$1)
    i.__scatterload_copy                     0x08003134   Section       14  handlers.o(i.__scatterload_copy)
    i.__scatterload_null                     0x08003142   Section        2  handlers.o(i.__scatterload_null)
    i.__scatterload_zeroinit                 0x08003144   Section       14  handlers.o(i.__scatterload_zeroinit)
    i._printf_core                           0x08003154   Section        0  printf1.o(i._printf_core)
    _printf_core                             0x08003155   Thumb Code   332  printf1.o(i._printf_core)
    .data                                    0x20000000   Section        8  main.o(.data)
    .data                                    0x20000008   Section       20  stm32f10x_rcc.o(.data)
    APBAHBPrescTable                         0x20000008   Data          16  stm32f10x_rcc.o(.data)
    ADCPrescTable                            0x20000018   Data           4  stm32f10x_rcc.o(.data)
    .data                                    0x2000001c   Section       20  system_stm32f10x.o(.data)
    .data                                    0x20000030   Section        4  use_adc.o(.data)
    ADC1ConvertedValue                       0x20000030   Data           4  use_adc.o(.data)
    .data                                    0x20000034   Section        6  use_pwm.o(.data)
    .data                                    0x2000003a   Section        1  use_pid.o(.data)
    .data                                    0x2000003c   Section        4  stdout.o(.data)
    .bss                                     0x20000040   Section       26  use_pwm.o(.bss)
    .bss                                     0x2000005c   Section       24  use_pid.o(.bss)
    STACK                                    0x20000078   Section     1024  startup_stm32f10x_hd.o(STACK)

    Global Symbols

    Symbol Name                              Value     Ov Type        Size  Object(Section)

    BuildAttributes$$THM_ISAv4$P$D$K$B$S$PE$A:L22UL41UL21$X:L11$S22US41US21$IEEE1$IW$USESV6$~STKCKD$USESV7$~SHL$OTIME$ROPI$EBA8$MICROLIB$REQ8$PRES8$EABIv2 0x00000000   Number         0  anon$$obj.o ABSOLUTE
    __ARM_use_no_argv                        0x00000000   Number         0  main.o ABSOLUTE
    _printf_a                                0x00000000   Number         0  stubs.o ABSOLUTE
    _printf_c                                0x00000000   Number         0  stubs.o ABSOLUTE
    _printf_charcount                        0x00000000   Number         0  stubs.o ABSOLUTE
    _printf_d                                0x00000000   Number         0  stubs.o ABSOLUTE
    _printf_e                                0x00000000   Number         0  stubs.o ABSOLUTE
    _printf_f                                0x00000000   Number         0  stubs.o ABSOLUTE
    _printf_flags                            0x00000000   Number         0  stubs.o ABSOLUTE
    _printf_fp_dec                           0x00000000   Number         0  stubs.o ABSOLUTE
    _printf_fp_hex                           0x00000000   Number         0  stubs.o ABSOLUTE
    _printf_g                                0x00000000   Number         0  stubs.o ABSOLUTE
    _printf_i                                0x00000000   Number         0  stubs.o ABSOLUTE
    _printf_int_dec                          0x00000000   Number         0  stubs.o ABSOLUTE
    _printf_l                                0x00000000   Number         0  stubs.o ABSOLUTE
    _printf_lc                               0x00000000   Number         0  stubs.o ABSOLUTE
    _printf_ll                               0x00000000   Number         0  stubs.o ABSOLUTE
    _printf_lld                              0x00000000   Number         0  stubs.o ABSOLUTE
    _printf_lli                              0x00000000   Number         0  stubs.o ABSOLUTE
    _printf_llo                              0x00000000   Number         0  stubs.o ABSOLUTE
    _printf_llu                              0x00000000   Number         0  stubs.o ABSOLUTE
    _printf_llx                              0x00000000   Number         0  stubs.o ABSOLUTE
    _printf_longlong_dec                     0x00000000   Number         0  stubs.o ABSOLUTE
    _printf_longlong_hex                     0x00000000   Number         0  stubs.o ABSOLUTE
    _printf_longlong_oct                     0x00000000   Number         0  stubs.o ABSOLUTE
    _printf_ls                               0x00000000   Number         0  stubs.o ABSOLUTE
    _printf_mbtowc                           0x00000000   Number         0  stubs.o ABSOLUTE
    _printf_n                                0x00000000   Number         0  stubs.o ABSOLUTE
    _printf_o                                0x00000000   Number         0  stubs.o ABSOLUTE
    _printf_p                                0x00000000   Number         0  stubs.o ABSOLUTE
    _printf_percent                          0x00000000   Number         0  stubs.o ABSOLUTE
    _printf_pre_padding                      0x00000000   Number         0  stubs.o ABSOLUTE
    _printf_return_value                     0x00000000   Number         0  stubs.o ABSOLUTE
    _printf_s                                0x00000000   Number         0  stubs.o ABSOLUTE
    _printf_sizespec                         0x00000000   Number         0  stubs.o ABSOLUTE
    _printf_str                              0x00000000   Number         0  stubs.o ABSOLUTE
    _printf_truncate_signed                  0x00000000   Number         0  stubs.o ABSOLUTE
    _printf_truncate_unsigned                0x00000000   Number         0  stubs.o ABSOLUTE
    _printf_u                                0x00000000   Number         0  stubs.o ABSOLUTE
    _printf_wc                               0x00000000   Number         0  stubs.o ABSOLUTE
    _printf_wctomb                           0x00000000   Number         0  stubs.o ABSOLUTE
    _printf_widthprec                        0x00000000   Number         0  stubs.o ABSOLUTE
    _printf_x                                0x00000000   Number         0  stubs.o ABSOLUTE
    __decompress                              - Undefined Weak Reference
    _clock_init                               - Undefined Weak Reference
    __Vectors_Size                           0x00000130   Number         0  startup_stm32f10x_hd.o ABSOLUTE
    __Vectors                                0x08000000   Data           4  startup_stm32f10x_hd.o(RESET)
    __Vectors_End                            0x08000130   Data           0  startup_stm32f10x_hd.o(RESET)
    __main                                   0x08000131   Thumb Code     0  entry.o(.ARM.Collect$$$$00000000)
    _main_stk                                0x08000131   Thumb Code     0  entry2.o(.ARM.Collect$$$$00000001)
    _main_scatterload                        0x08000135   Thumb Code     0  entry5.o(.ARM.Collect$$$$00000004)
    __main_after_scatterload                 0x08000139   Thumb Code     0  entry5.o(.ARM.Collect$$$$00000004)
    _main_clock                              0x08000139   Thumb Code     0  entry7b.o(.ARM.Collect$$$$00000008)
    _main_init                               0x08000139   Thumb Code     0  entry8.o(.ARM.Collect$$$$00000009)
    NMI_Handler                              0x08000145   Thumb Code     2  stm32f10x_it.o(.text)
    HardFault_Handler                        0x08000147   Thumb Code     4  stm32f10x_it.o(.text)
    MemManage_Handler                        0x0800014b   Thumb Code     4  stm32f10x_it.o(.text)
    BusFault_Handler                         0x0800014f   Thumb Code     4  stm32f10x_it.o(.text)
    UsageFault_Handler                       0x08000153   Thumb Code     4  stm32f10x_it.o(.text)
    SVC_Handler                              0x08000157   Thumb Code     2  stm32f10x_it.o(.text)
    DebugMon_Handler                         0x08000159   Thumb Code     2  stm32f10x_it.o(.text)
    PendSV_Handler                           0x0800015b   Thumb Code     2  stm32f10x_it.o(.text)
    SysTick_Handler                          0x0800015d   Thumb Code     2  stm32f10x_it.o(.text)
    ADC1_2_IRQHandler                        0x0800015f   Thumb Code     2  stm32f10x_it.o(.text)
    ADC3_IRQHandler                          0x08000161   Thumb Code     2  stm32f10x_it.o(.text)
    USART2_IRQHandler                        0x08000163   Thumb Code    42  stm32f10x_it.o(.text)
    System_RCC_Config                        0x08000195   Thumb Code    94  main.o(.text)
    System_Config                            0x080001f3   Thumb Code    20  main.o(.text)
    main                                     0x08000207   Thumb Code   136  main.o(.text)
    adc_to_duty                              0x0800028f   Thumb Code    46  main.o(.text)
    delay_us                                 0x080002e9   Thumb Code    58  delay.o(.text)
    delay_ms                                 0x08000323   Thumb Code    62  delay.o(.text)
    NVIC_PriorityGroupConfig                 0x08000361   Thumb Code    12  misc.o(.text)
    NVIC_Init                                0x0800036d   Thumb Code   128  misc.o(.text)
    NVIC_SetVectorTable                      0x080003ed   Thumb Code    16  misc.o(.text)
    NVIC_SystemLPConfig                      0x080003fd   Thumb Code    30  misc.o(.text)
    SysTick_CLKSourceConfig                  0x0800041b   Thumb Code    40  misc.o(.text)
    ADC_DeInit                               0x08000461   Thumb Code    78  stm32f10x_adc.o(.text)
    ADC_Init                                 0x080004af   Thumb Code    86  stm32f10x_adc.o(.text)
    ADC_StructInit                           0x08000505   Thumb Code    22  stm32f10x_adc.o(.text)
    ADC_Cmd                                  0x0800051b   Thumb Code    22  stm32f10x_adc.o(.text)
    ADC_DMACmd                               0x08000531   Thumb Code    22  stm32f10x_adc.o(.text)
    ADC_ITConfig                             0x08000547   Thumb Code    30  stm32f10x_adc.o(.text)
    ADC_ResetCalibration                     0x08000565   Thumb Code    10  stm32f10x_adc.o(.text)
    ADC_GetResetCalibrationStatus            0x0800056f   Thumb Code    26  stm32f10x_adc.o(.text)
    ADC_StartCalibration                     0x08000589   Thumb Code    10  stm32f10x_adc.o(.text)
    ADC_GetCalibrationStatus                 0x08000593   Thumb Code    26  stm32f10x_adc.o(.text)
    ADC_SoftwareStartConvCmd                 0x080005ad   Thumb Code    22  stm32f10x_adc.o(.text)
    ADC_GetSoftwareStartConvStatus           0x080005c3   Thumb Code    26  stm32f10x_adc.o(.text)
    ADC_DiscModeChannelCountConfig           0x080005dd   Thumb Code    28  stm32f10x_adc.o(.text)
    ADC_DiscModeCmd                          0x080005f9   Thumb Code    22  stm32f10x_adc.o(.text)
    ADC_RegularChannelConfig                 0x0800060f   Thumb Code   224  stm32f10x_adc.o(.text)
    ADC_ExternalTrigConvCmd                  0x080006ef   Thumb Code    22  stm32f10x_adc.o(.text)
    ADC_GetConversionValue                   0x08000705   Thumb Code     8  stm32f10x_adc.o(.text)
    ADC_GetDualModeConversionValue           0x0800070d   Thumb Code     8  stm32f10x_adc.o(.text)
    ADC_AutoInjectedConvCmd                  0x08000715   Thumb Code    22  stm32f10x_adc.o(.text)
    ADC_InjectedDiscModeCmd                  0x0800072b   Thumb Code    22  stm32f10x_adc.o(.text)
    ADC_ExternalTrigInjectedConvConfig       0x08000741   Thumb Code    20  stm32f10x_adc.o(.text)
    ADC_ExternalTrigInjectedConvCmd          0x08000755   Thumb Code    22  stm32f10x_adc.o(.text)
    ADC_SoftwareStartInjectedConvCmd         0x0800076b   Thumb Code    22  stm32f10x_adc.o(.text)
    ADC_GetSoftwareStartInjectedConvCmdStatus 0x08000781   Thumb Code    26  stm32f10x_adc.o(.text)
    ADC_InjectedChannelConfig                0x0800079b   Thumb Code   154  stm32f10x_adc.o(.text)
    ADC_InjectedSequencerLengthConfig        0x08000835   Thumb Code    48  stm32f10x_adc.o(.text)
    ADC_SetInjectedOffset                    0x08000865   Thumb Code    14  stm32f10x_adc.o(.text)
    ADC_GetInjectedConversionValue           0x08000873   Thumb Code    20  stm32f10x_adc.o(.text)
    ADC_AnalogWatchdogCmd                    0x08000887   Thumb Code    22  stm32f10x_adc.o(.text)
    ADC_AnalogWatchdogThresholdsConfig       0x0800089d   Thumb Code     6  stm32f10x_adc.o(.text)
    ADC_AnalogWatchdogSingleChannelConfig    0x080008a3   Thumb Code    20  stm32f10x_adc.o(.text)
    ADC_TempSensorVrefintCmd                 0x080008b7   Thumb Code    30  stm32f10x_adc.o(.text)
    ADC_GetFlagStatus                        0x080008d5   Thumb Code    24  stm32f10x_adc.o(.text)
    ADC_ClearFlag                            0x080008ed   Thumb Code     8  stm32f10x_adc.o(.text)
    ADC_GetITStatus                          0x080008f5   Thumb Code    44  stm32f10x_adc.o(.text)
    ADC_ClearITPendingBit                    0x08000921   Thumb Code    16  stm32f10x_adc.o(.text)
    DMA_DeInit                               0x08000939   Thumb Code   288  stm32f10x_dma.o(.text)
    DMA_Init                                 0x08000a59   Thumb Code    80  stm32f10x_dma.o(.text)
    DMA_StructInit                           0x08000aa9   Thumb Code    28  stm32f10x_dma.o(.text)
    DMA_Cmd                                  0x08000ac5   Thumb Code    26  stm32f10x_dma.o(.text)
    DMA_ITConfig                             0x08000adf   Thumb Code    22  stm32f10x_dma.o(.text)
    DMA_SetCurrDataCounter                   0x08000af5   Thumb Code     4  stm32f10x_dma.o(.text)
    DMA_GetCurrDataCounter                   0x08000af9   Thumb Code     8  stm32f10x_dma.o(.text)
    DMA_GetFlagStatus                        0x08000b01   Thumb Code    40  stm32f10x_dma.o(.text)
    DMA_ClearFlag                            0x08000b29   Thumb Code    18  stm32f10x_dma.o(.text)
    DMA_GetITStatus                          0x08000b3b   Thumb Code    40  stm32f10x_dma.o(.text)
    DMA_ClearITPendingBit                    0x08000b63   Thumb Code    18  stm32f10x_dma.o(.text)
    GPIO_DeInit                              0x08000b89   Thumb Code   172  stm32f10x_gpio.o(.text)
    GPIO_AFIODeInit                          0x08000c35   Thumb Code    20  stm32f10x_gpio.o(.text)
    GPIO_Init                                0x08000c49   Thumb Code   292  stm32f10x_gpio.o(.text)
    GPIO_StructInit                          0x08000d6d   Thumb Code    20  stm32f10x_gpio.o(.text)
    GPIO_ReadInputDataBit                    0x08000d81   Thumb Code    24  stm32f10x_gpio.o(.text)
    GPIO_ReadInputData                       0x08000d99   Thumb Code     8  stm32f10x_gpio.o(.text)
    GPIO_ReadOutputDataBit                   0x08000da1   Thumb Code    24  stm32f10x_gpio.o(.text)
    GPIO_ReadOutputData                      0x08000db9   Thumb Code     8  stm32f10x_gpio.o(.text)
    GPIO_SetBits                             0x08000dc1   Thumb Code     4  stm32f10x_gpio.o(.text)
    GPIO_ResetBits                           0x08000dc5   Thumb Code     4  stm32f10x_gpio.o(.text)
    GPIO_WriteBit                            0x08000dc9   Thumb Code    10  stm32f10x_gpio.o(.text)
    GPIO_Write                               0x08000dd3   Thumb Code     4  stm32f10x_gpio.o(.text)
    GPIO_PinLockConfig                       0x08000dd7   Thumb Code    20  stm32f10x_gpio.o(.text)
    GPIO_EventOutputConfig                   0x08000deb   Thumb Code    32  stm32f10x_gpio.o(.text)
    GPIO_EventOutputCmd                      0x08000e0b   Thumb Code     6  stm32f10x_gpio.o(.text)
    GPIO_PinRemapConfig                      0x08000e11   Thumb Code   156  stm32f10x_gpio.o(.text)
    GPIO_EXTILineConfig                      0x08000ead   Thumb Code    84  stm32f10x_gpio.o(.text)
    GPIO_ETH_MediaInterfaceConfig            0x08000f01   Thumb Code     6  stm32f10x_gpio.o(.text)
    RCC_DeInit                               0x08000f35   Thumb Code    68  stm32f10x_rcc.o(.text)
    RCC_HSEConfig                            0x08000f79   Thumb Code    70  stm32f10x_rcc.o(.text)
    RCC_GetFlagStatus                        0x08000fbf   Thumb Code    68  stm32f10x_rcc.o(.text)
    RCC_WaitForHSEStartUp                    0x08001003   Thumb Code    56  stm32f10x_rcc.o(.text)
    RCC_AdjustHSICalibrationValue            0x0800103b   Thumb Code    22  stm32f10x_rcc.o(.text)
    RCC_HSICmd                               0x08001051   Thumb Code     6  stm32f10x_rcc.o(.text)
    RCC_PLLConfig                            0x08001057   Thumb Code    28  stm32f10x_rcc.o(.text)
    RCC_PLLCmd                               0x08001073   Thumb Code     6  stm32f10x_rcc.o(.text)
    RCC_SYSCLKConfig                         0x08001079   Thumb Code    22  stm32f10x_rcc.o(.text)
    RCC_GetSYSCLKSource                      0x0800108f   Thumb Code    10  stm32f10x_rcc.o(.text)
    RCC_HCLKConfig                           0x08001099   Thumb Code    22  stm32f10x_rcc.o(.text)
    RCC_PCLK1Config                          0x080010af   Thumb Code    22  stm32f10x_rcc.o(.text)
    RCC_PCLK2Config                          0x080010c5   Thumb Code    22  stm32f10x_rcc.o(.text)
    RCC_ITConfig                             0x080010db   Thumb Code    36  stm32f10x_rcc.o(.text)
    RCC_USBCLKConfig                         0x080010ff   Thumb Code     6  stm32f10x_rcc.o(.text)
    RCC_ADCCLKConfig                         0x08001105   Thumb Code    22  stm32f10x_rcc.o(.text)
    RCC_LSEConfig                            0x0800111b   Thumb Code    50  stm32f10x_rcc.o(.text)
    RCC_LSICmd                               0x0800114d   Thumb Code     6  stm32f10x_rcc.o(.text)
    RCC_RTCCLKConfig                         0x08001153   Thumb Code    14  stm32f10x_rcc.o(.text)
    RCC_RTCCLKCmd                            0x08001161   Thumb Code     6  stm32f10x_rcc.o(.text)
    RCC_GetClocksFreq                        0x08001167   Thumb Code   216  stm32f10x_rcc.o(.text)
    RCC_AHBPeriphClockCmd                    0x0800123f   Thumb Code    30  stm32f10x_rcc.o(.text)
    RCC_APB2PeriphClockCmd                   0x0800125d   Thumb Code    30  stm32f10x_rcc.o(.text)
    RCC_APB1PeriphClockCmd                   0x0800127b   Thumb Code    30  stm32f10x_rcc.o(.text)
    RCC_APB2PeriphResetCmd                   0x08001299   Thumb Code    30  stm32f10x_rcc.o(.text)
    RCC_APB1PeriphResetCmd                   0x080012b7   Thumb Code    30  stm32f10x_rcc.o(.text)
    RCC_BackupResetCmd                       0x080012d5   Thumb Code     6  stm32f10x_rcc.o(.text)
    RCC_ClockSecuritySystemCmd               0x080012db   Thumb Code     6  stm32f10x_rcc.o(.text)
    RCC_MCOConfig                            0x080012e1   Thumb Code     6  stm32f10x_rcc.o(.text)
    RCC_ClearFlag                            0x080012e7   Thumb Code    14  stm32f10x_rcc.o(.text)
    RCC_GetITStatus                          0x080012f5   Thumb Code    26  stm32f10x_rcc.o(.text)
    RCC_ClearITPendingBit                    0x0800130f   Thumb Code    58  stm32f10x_rcc.o(.text)
    TIM_DeInit                               0x08001349   Thumb Code   424  stm32f10x_tim.o(.text)
    TIM_TimeBaseInit                         0x080014f1   Thumb Code   134  stm32f10x_tim.o(.text)
    TIM_OC1Init                              0x08001577   Thumb Code   168  stm32f10x_tim.o(.text)
    TIM_OC2Init                              0x0800161f   Thumb Code   178  stm32f10x_tim.o(.text)
    TIM_OC3Init                              0x080016d1   Thumb Code   240  stm32f10x_tim.o(.text)
    TIM_OC4Init                              0x080017c1   Thumb Code   126  stm32f10x_tim.o(.text)
    TIM_SetIC4Prescaler                      0x0800183f   Thumb Code    26  stm32f10x_tim.o(.text)
    TIM_SetIC3Prescaler                      0x080018e3   Thumb Code    22  stm32f10x_tim.o(.text)
    TIM_SetIC2Prescaler                      0x0800197f   Thumb Code    26  stm32f10x_tim.o(.text)
    TIM_SetIC1Prescaler                      0x08001a23   Thumb Code    22  stm32f10x_tim.o(.text)
    TIM_ICInit                               0x08001ab5   Thumb Code   150  stm32f10x_tim.o(.text)
    TIM_PWMIConfig                           0x08001b4b   Thumb Code   136  stm32f10x_tim.o(.text)
    TIM_BDTRConfig                           0x08001bd3   Thumb Code    66  stm32f10x_tim.o(.text)
    TIM_TimeBaseStructInit                   0x08001c15   Thumb Code    20  stm32f10x_tim.o(.text)
    TIM_OCStructInit                         0x08001c29   Thumb Code    22  stm32f10x_tim.o(.text)
    TIM_ICStructInit                         0x08001c3f   Thumb Code    24  stm32f10x_tim.o(.text)
    TIM_BDTRStructInit                       0x08001c57   Thumb Code    20  stm32f10x_tim.o(.text)
    TIM_Cmd                                  0x08001c6b   Thumb Code    26  stm32f10x_tim.o(.text)
    TIM_CtrlPWMOutputs                       0x08001c85   Thumb Code    30  stm32f10x_tim.o(.text)
    TIM_ITConfig                             0x08001ca3   Thumb Code    30  stm32f10x_tim.o(.text)
    TIM_GenerateEvent                        0x08001cc1   Thumb Code     4  stm32f10x_tim.o(.text)
    TIM_DMAConfig                            0x08001cc5   Thumb Code    10  stm32f10x_tim.o(.text)
    TIM_DMACmd                               0x08001ccf   Thumb Code    30  stm32f10x_tim.o(.text)
    TIM_InternalClockConfig                  0x08001ced   Thumb Code    14  stm32f10x_tim.o(.text)
    TIM_SelectInputTrigger                   0x08001cfb   Thumb Code    24  stm32f10x_tim.o(.text)
    TIM_ITRxExternalClockConfig              0x08001d13   Thumb Code    24  stm32f10x_tim.o(.text)
    TIM_TIxExternalClockConfig               0x08001d2b   Thumb Code    62  stm32f10x_tim.o(.text)
    TIM_ETRConfig                            0x08001d69   Thumb Code    32  stm32f10x_tim.o(.text)
    TIM_ETRClockMode1Config                  0x08001d89   Thumb Code    60  stm32f10x_tim.o(.text)
    TIM_ETRClockMode2Config                  0x08001dc5   Thumb Code    32  stm32f10x_tim.o(.text)
    TIM_PrescalerConfig                      0x08001de5   Thumb Code     6  stm32f10x_tim.o(.text)
    TIM_CounterModeConfig                    0x08001deb   Thumb Code    24  stm32f10x_tim.o(.text)
    TIM_EncoderInterfaceConfig               0x08001e03   Thumb Code    78  stm32f10x_tim.o(.text)
    TIM_ForcedOC1Config                      0x08001e51   Thumb Code    24  stm32f10x_tim.o(.text)
    TIM_ForcedOC2Config                      0x08001e69   Thumb Code    28  stm32f10x_tim.o(.text)
    TIM_ForcedOC3Config                      0x08001e85   Thumb Code    24  stm32f10x_tim.o(.text)
    TIM_ForcedOC4Config                      0x08001e9d   Thumb Code    28  stm32f10x_tim.o(.text)
    TIM_ARRPreloadConfig                     0x08001eb9   Thumb Code    26  stm32f10x_tim.o(.text)
    TIM_SelectCOM                            0x08001ed3   Thumb Code    26  stm32f10x_tim.o(.text)
    TIM_SelectCCDMA                          0x08001eed   Thumb Code    26  stm32f10x_tim.o(.text)
    TIM_CCPreloadControl                     0x08001f07   Thumb Code    26  stm32f10x_tim.o(.text)
    TIM_OC1PreloadConfig                     0x08001f21   Thumb Code    24  stm32f10x_tim.o(.text)
    TIM_OC2PreloadConfig                     0x08001f39   Thumb Code    28  stm32f10x_tim.o(.text)
    TIM_OC3PreloadConfig                     0x08001f55   Thumb Code    24  stm32f10x_tim.o(.text)
    TIM_OC4PreloadConfig                     0x08001f6d   Thumb Code    28  stm32f10x_tim.o(.text)
    TIM_OC1FastConfig                        0x08001f89   Thumb Code    24  stm32f10x_tim.o(.text)
    TIM_OC2FastConfig                        0x08001fa1   Thumb Code    28  stm32f10x_tim.o(.text)
    TIM_OC3FastConfig                        0x08001fbd   Thumb Code    24  stm32f10x_tim.o(.text)
    TIM_OC4FastConfig                        0x08001fd5   Thumb Code    28  stm32f10x_tim.o(.text)
    TIM_ClearOC1Ref                          0x08001ff1   Thumb Code    24  stm32f10x_tim.o(.text)
    TIM_ClearOC2Ref                          0x08002009   Thumb Code    24  stm32f10x_tim.o(.text)
    TIM_ClearOC3Ref                          0x08002021   Thumb Code    24  stm32f10x_tim.o(.text)
    TIM_ClearOC4Ref                          0x08002039   Thumb Code    24  stm32f10x_tim.o(.text)
    TIM_OC1PolarityConfig                    0x08002051   Thumb Code    24  stm32f10x_tim.o(.text)
    TIM_OC1NPolarityConfig                   0x08002069   Thumb Code    24  stm32f10x_tim.o(.text)
    TIM_OC2PolarityConfig                    0x08002081   Thumb Code    28  stm32f10x_tim.o(.text)
    TIM_OC2NPolarityConfig                   0x0800209d   Thumb Code    28  stm32f10x_tim.o(.text)
    TIM_OC3PolarityConfig                    0x080020b9   Thumb Code    28  stm32f10x_tim.o(.text)
    TIM_OC3NPolarityConfig                   0x080020d5   Thumb Code    28  stm32f10x_tim.o(.text)
    TIM_OC4PolarityConfig                    0x080020f1   Thumb Code    28  stm32f10x_tim.o(.text)
    TIM_CCxCmd                               0x0800210d   Thumb Code    46  stm32f10x_tim.o(.text)
    TIM_CCxNCmd                              0x0800213b   Thumb Code    46  stm32f10x_tim.o(.text)
    TIM_SelectOCxM                           0x08002169   Thumb Code   100  stm32f10x_tim.o(.text)
    TIM_UpdateDisableConfig                  0x080021cd   Thumb Code    26  stm32f10x_tim.o(.text)
    TIM_UpdateRequestConfig                  0x080021e7   Thumb Code    26  stm32f10x_tim.o(.text)
    TIM_SelectHallSensor                     0x08002201   Thumb Code    26  stm32f10x_tim.o(.text)
    TIM_SelectOnePulseMode                   0x0800221b   Thumb Code    22  stm32f10x_tim.o(.text)
    TIM_SelectOutputTrigger                  0x08002231   Thumb Code    22  stm32f10x_tim.o(.text)
    TIM_SelectSlaveMode                      0x08002247   Thumb Code    22  stm32f10x_tim.o(.text)
    TIM_SelectMasterSlaveMode                0x0800225d   Thumb Code    22  stm32f10x_tim.o(.text)
    TIM_SetCounter                           0x08002273   Thumb Code     4  stm32f10x_tim.o(.text)
    TIM_SetAutoreload                        0x08002277   Thumb Code     4  stm32f10x_tim.o(.text)
    TIM_SetCompare1                          0x0800227b   Thumb Code     4  stm32f10x_tim.o(.text)
    TIM_SetCompare2                          0x0800227f   Thumb Code     4  stm32f10x_tim.o(.text)
    TIM_SetCompare3                          0x08002283   Thumb Code     4  stm32f10x_tim.o(.text)
    TIM_SetCompare4                          0x08002287   Thumb Code     6  stm32f10x_tim.o(.text)
    TIM_SetClockDivision                     0x0800228d   Thumb Code    22  stm32f10x_tim.o(.text)
    TIM_GetCapture1                          0x080022a3   Thumb Code     6  stm32f10x_tim.o(.text)
    TIM_GetCapture2                          0x080022a9   Thumb Code     6  stm32f10x_tim.o(.text)
    TIM_GetCapture3                          0x080022af   Thumb Code     6  stm32f10x_tim.o(.text)
    TIM_GetCapture4                          0x080022b5   Thumb Code     8  stm32f10x_tim.o(.text)
    TIM_GetCounter                           0x080022bd   Thumb Code     6  stm32f10x_tim.o(.text)
    TIM_GetPrescaler                         0x080022c3   Thumb Code     6  stm32f10x_tim.o(.text)
    TIM_GetFlagStatus                        0x080022c9   Thumb Code    24  stm32f10x_tim.o(.text)
    TIM_ClearFlag                            0x080022e1   Thumb Code     8  stm32f10x_tim.o(.text)
    TIM_GetITStatus                          0x080022e9   Thumb Code    40  stm32f10x_tim.o(.text)
    TIM_ClearITPendingBit                    0x08002311   Thumb Code     8  stm32f10x_tim.o(.text)
    USART_DeInit                             0x08002319   Thumb Code   134  stm32f10x_usart.o(.text)
    USART_Init                               0x0800239f   Thumb Code   250  stm32f10x_usart.o(.text)
    USART_StructInit                         0x08002499   Thumb Code    30  stm32f10x_usart.o(.text)
    USART_ClockInit                          0x080024b7   Thumb Code    46  stm32f10x_usart.o(.text)
    USART_ClockStructInit                    0x080024e5   Thumb Code    14  stm32f10x_usart.o(.text)
    USART_Cmd                                0x080024f3   Thumb Code    26  stm32f10x_usart.o(.text)
    USART_ITConfig                           0x0800250d   Thumb Code    88  stm32f10x_usart.o(.text)
    USART_DMACmd                             0x08002565   Thumb Code    30  stm32f10x_usart.o(.text)
    USART_SetAddress                         0x08002583   Thumb Code    22  stm32f10x_usart.o(.text)
    USART_WakeUpConfig                       0x08002599   Thumb Code    22  stm32f10x_usart.o(.text)
    USART_ReceiverWakeUpCmd                  0x080025af   Thumb Code    26  stm32f10x_usart.o(.text)
    USART_LINBreakDetectLengthConfig         0x080025c9   Thumb Code    22  stm32f10x_usart.o(.text)
    USART_LINCmd                             0x080025df   Thumb Code    26  stm32f10x_usart.o(.text)
    USART_SendData                           0x080025f9   Thumb Code     8  stm32f10x_usart.o(.text)
    USART_ReceiveData                        0x08002601   Thumb Code    10  stm32f10x_usart.o(.text)
    USART_SendBreak                          0x0800260b   Thumb Code    10  stm32f10x_usart.o(.text)
    USART_SetGuardTime                       0x08002615   Thumb Code    16  stm32f10x_usart.o(.text)
    USART_SetPrescaler                       0x08002625   Thumb Code    18  stm32f10x_usart.o(.text)
    USART_SmartCardCmd                       0x08002637   Thumb Code    26  stm32f10x_usart.o(.text)
    USART_SmartCardNACKCmd                   0x08002651   Thumb Code    26  stm32f10x_usart.o(.text)
    USART_HalfDuplexCmd                      0x0800266b   Thumb Code    26  stm32f10x_usart.o(.text)
    USART_OverSampling8Cmd                   0x08002685   Thumb Code    22  stm32f10x_usart.o(.text)
    USART_OneBitMethodCmd                    0x0800269b   Thumb Code    26  stm32f10x_usart.o(.text)
    USART_IrDAConfig                         0x080026b5   Thumb Code    22  stm32f10x_usart.o(.text)
    USART_IrDACmd                            0x080026cb   Thumb Code    26  stm32f10x_usart.o(.text)
    USART_GetFlagStatus                      0x080026e5   Thumb Code    54  stm32f10x_usart.o(.text)
    USART_ClearFlag                          0x0800271b   Thumb Code    20  stm32f10x_usart.o(.text)
    USART_GetITStatus                        0x0800272f   Thumb Code   104  stm32f10x_usart.o(.text)
    USART_ClearITPendingBit                  0x08002797   Thumb Code    40  stm32f10x_usart.o(.text)
    Reset_Handler                            0x080027c1   Thumb Code     8  startup_stm32f10x_hd.o(.text)
    CAN1_RX1_IRQHandler                      0x080027db   Thumb Code     0  startup_stm32f10x_hd.o(.text)
    CAN1_SCE_IRQHandler                      0x080027db   Thumb Code     0  startup_stm32f10x_hd.o(.text)
    DMA1_Channel1_IRQHandler                 0x080027db   Thumb Code     0  startup_stm32f10x_hd.o(.text)
    DMA1_Channel2_IRQHandler                 0x080027db   Thumb Code     0  startup_stm32f10x_hd.o(.text)
    DMA1_Channel3_IRQHandler                 0x080027db   Thumb Code     0  startup_stm32f10x_hd.o(.text)
    DMA1_Channel4_IRQHandler                 0x080027db   Thumb Code     0  startup_stm32f10x_hd.o(.text)
    DMA1_Channel5_IRQHandler                 0x080027db   Thumb Code     0  startup_stm32f10x_hd.o(.text)
    DMA1_Channel6_IRQHandler                 0x080027db   Thumb Code     0  startup_stm32f10x_hd.o(.text)
    DMA1_Channel7_IRQHandler                 0x080027db   Thumb Code     0  startup_stm32f10x_hd.o(.text)
    DMA2_Channel1_IRQHandler                 0x080027db   Thumb Code     0  startup_stm32f10x_hd.o(.text)
    DMA2_Channel2_IRQHandler                 0x080027db   Thumb Code     0  startup_stm32f10x_hd.o(.text)
    DMA2_Channel3_IRQHandler                 0x080027db   Thumb Code     0  startup_stm32f10x_hd.o(.text)
    DMA2_Channel4_5_IRQHandler               0x080027db   Thumb Code     0  startup_stm32f10x_hd.o(.text)
    EXTI0_IRQHandler                         0x080027db   Thumb Code     0  startup_stm32f10x_hd.o(.text)
    EXTI15_10_IRQHandler                     0x080027db   Thumb Code     0  startup_stm32f10x_hd.o(.text)
    EXTI1_IRQHandler                         0x080027db   Thumb Code     0  startup_stm32f10x_hd.o(.text)
    EXTI2_IRQHandler                         0x080027db   Thumb Code     0  startup_stm32f10x_hd.o(.text)
    EXTI3_IRQHandler                         0x080027db   Thumb Code     0  startup_stm32f10x_hd.o(.text)
    EXTI4_IRQHandler                         0x080027db   Thumb Code     0  startup_stm32f10x_hd.o(.text)
    EXTI9_5_IRQHandler                       0x080027db   Thumb Code     0  startup_stm32f10x_hd.o(.text)
    FLASH_IRQHandler                         0x080027db   Thumb Code     0  startup_stm32f10x_hd.o(.text)
    FSMC_IRQHandler                          0x080027db   Thumb Code     0  startup_stm32f10x_hd.o(.text)
    I2C1_ER_IRQHandler                       0x080027db   Thumb Code     0  startup_stm32f10x_hd.o(.text)
    I2C1_EV_IRQHandler                       0x080027db   Thumb Code     0  startup_stm32f10x_hd.o(.text)
    I2C2_ER_IRQHandler                       0x080027db   Thumb Code     0  startup_stm32f10x_hd.o(.text)
    I2C2_EV_IRQHandler                       0x080027db   Thumb Code     0  startup_stm32f10x_hd.o(.text)
    PVD_IRQHandler                           0x080027db   Thumb Code     0  startup_stm32f10x_hd.o(.text)
    RCC_IRQHandler                           0x080027db   Thumb Code     0  startup_stm32f10x_hd.o(.text)
    RTCAlarm_IRQHandler                      0x080027db   Thumb Code     0  startup_stm32f10x_hd.o(.text)
    RTC_IRQHandler                           0x080027db   Thumb Code     0  startup_stm32f10x_hd.o(.text)
    SDIO_IRQHandler                          0x080027db   Thumb Code     0  startup_stm32f10x_hd.o(.text)
    SPI1_IRQHandler                          0x080027db   Thumb Code     0  startup_stm32f10x_hd.o(.text)
    SPI2_IRQHandler                          0x080027db   Thumb Code     0  startup_stm32f10x_hd.o(.text)
    SPI3_IRQHandler                          0x080027db   Thumb Code     0  startup_stm32f10x_hd.o(.text)
    TAMPER_IRQHandler                        0x080027db   Thumb Code     0  startup_stm32f10x_hd.o(.text)
    TIM1_BRK_IRQHandler                      0x080027db   Thumb Code     0  startup_stm32f10x_hd.o(.text)
    TIM1_CC_IRQHandler                       0x080027db   Thumb Code     0  startup_stm32f10x_hd.o(.text)
    TIM1_TRG_COM_IRQHandler                  0x080027db   Thumb Code     0  startup_stm32f10x_hd.o(.text)
    TIM1_UP_IRQHandler                       0x080027db   Thumb Code     0  startup_stm32f10x_hd.o(.text)
    TIM2_IRQHandler                          0x080027db   Thumb Code     0  startup_stm32f10x_hd.o(.text)
    TIM3_IRQHandler                          0x080027db   Thumb Code     0  startup_stm32f10x_hd.o(.text)
    TIM4_IRQHandler                          0x080027db   Thumb Code     0  startup_stm32f10x_hd.o(.text)
    TIM5_IRQHandler                          0x080027db   Thumb Code     0  startup_stm32f10x_hd.o(.text)
    TIM6_IRQHandler                          0x080027db   Thumb Code     0  startup_stm32f10x_hd.o(.text)
    TIM7_IRQHandler                          0x080027db   Thumb Code     0  startup_stm32f10x_hd.o(.text)
    TIM8_BRK_IRQHandler                      0x080027db   Thumb Code     0  startup_stm32f10x_hd.o(.text)
    TIM8_CC_IRQHandler                       0x080027db   Thumb Code     0  startup_stm32f10x_hd.o(.text)
    TIM8_TRG_COM_IRQHandler                  0x080027db   Thumb Code     0  startup_stm32f10x_hd.o(.text)
    TIM8_UP_IRQHandler                       0x080027db   Thumb Code     0  startup_stm32f10x_hd.o(.text)
    UART4_IRQHandler                         0x080027db   Thumb Code     0  startup_stm32f10x_hd.o(.text)
    UART5_IRQHandler                         0x080027db   Thumb Code     0  startup_stm32f10x_hd.o(.text)
    USART1_IRQHandler                        0x080027db   Thumb Code     0  startup_stm32f10x_hd.o(.text)
    USART3_IRQHandler                        0x080027db   Thumb Code     0  startup_stm32f10x_hd.o(.text)
    USBWakeUp_IRQHandler                     0x080027db   Thumb Code     0  startup_stm32f10x_hd.o(.text)
    USB_HP_CAN1_TX_IRQHandler                0x080027db   Thumb Code     0  startup_stm32f10x_hd.o(.text)
    USB_LP_CAN1_RX0_IRQHandler               0x080027db   Thumb Code     0  startup_stm32f10x_hd.o(.text)
    WWDG_IRQHandler                          0x080027db   Thumb Code     0  startup_stm32f10x_hd.o(.text)
    SystemInit                               0x080028b5   Thumb Code    82  system_stm32f10x.o(.text)
    SystemCoreClockUpdate                    0x08002907   Thumb Code   154  system_stm32f10x.o(.text)
    fputc                                    0x080029c5   Thumb Code    32  use_uart.o(.text)
    User_USART_Configuration                 0x08002a9d   Thumb Code    16  use_uart.o(.text)
    User_ADC_Configuration                   0x08002bb9   Thumb Code    16  use_adc.o(.text)
    get_ADC1ConvertedValue                   0x08002bc9   Thumb Code    46  use_adc.o(.text)
    User_PWM_Configuration                   0x08002cb9   Thumb Code    12  use_pwm.o(.text)
    PWM_Enable                               0x08002cc5   Thumb Code    44  use_pwm.o(.text)
    PWM_SetFrequency                         0x08002cf1   Thumb Code    30  use_pwm.o(.text)
    PWM_SetDuty                              0x08002d0f   Thumb Code    30  use_pwm.o(.text)
    init_PID                                 0x08002d51   Thumb Code    22  use_pid.o(.text)
    WakeupPid                                0x08002d67   Thumb Code     6  use_pid.o(.text)
    set_PID_Params                           0x08002d6d   Thumb Code    10  use_pid.o(.text)
    PIDCalculate                             0x08002d77   Thumb Code   202  use_pid.o(.text)
    __aeabi_fadd                             0x08002e59   Thumb Code   164  fadd.o(.text)
    __aeabi_fsub                             0x08002efd   Thumb Code     6  fadd.o(.text)
    __aeabi_frsub                            0x08002f03   Thumb Code     6  fadd.o(.text)
    __aeabi_fmul                             0x08002f09   Thumb Code   108  fmul.o(.text)
    __aeabi_fdiv                             0x08002f75   Thumb Code   128  fdiv.o(.text)
    __aeabi_i2f                              0x08002ff5   Thumb Code    18  fflti.o(.text)
    __aeabi_f2uiz                            0x08003007   Thumb Code    40  ffixui.o(.text)
    __aeabi_cfcmpeq                          0x08003031   Thumb Code     0  cfcmple.o(.text)
    __aeabi_cfcmple                          0x08003031   Thumb Code    20  cfcmple.o(.text)
    __aeabi_cfrcmple                         0x08003045   Thumb Code    20  cfrcmple.o(.text)
    __aeabi_uidiv                            0x08003059   Thumb Code     0  uidiv.o(.text)
    __aeabi_uidivmod                         0x08003059   Thumb Code    44  uidiv.o(.text)
    __I$use$fp                               0x08003085   Thumb Code     0  iusefp.o(.text)
    _float_round                             0x08003085   Thumb Code    18  fepilogue.o(.text)
    _float_epilogue                          0x08003097   Thumb Code    90  fepilogue.o(.text)
    __scatterload                            0x080030f1   Thumb Code    28  init.o(.text)
    __scatterload_rt2                        0x080030f1   Thumb Code     0  init.o(.text)
    __0printf$1                              0x08003115   Thumb Code    22  printf1.o(i.__0printf$1)
    __1printf$1                              0x08003115   Thumb Code     0  printf1.o(i.__0printf$1)
    __2printf                                0x08003115   Thumb Code     0  printf1.o(i.__0printf$1)
    __scatterload_copy                       0x08003135   Thumb Code    14  handlers.o(i.__scatterload_copy)
    __scatterload_null                       0x08003143   Thumb Code     2  handlers.o(i.__scatterload_null)
    __scatterload_zeroinit                   0x08003145   Thumb Code    14  handlers.o(i.__scatterload_zeroinit)
    Region$$Table$$Base                      0x080032a4   Number         0  anon$$obj.o(Region$$Table)
    Region$$Table$$Limit                     0x080032c4   Number         0  anon$$obj.o(Region$$Table)
    outputValue                              0x20000000   Data           4  main.o(.data)
    targetValue                              0x20000004   Data           4  main.o(.data)
    SystemCoreClock                          0x2000001c   Data           4  system_stm32f10x.o(.data)
    AHBPrescTable                            0x20000020   Data          16  system_stm32f10x.o(.data)
    TimerPeriod                              0x20000034   Data           2  use_pwm.o(.data)
    pwm_div                                  0x20000036   Data           2  use_pwm.o(.data)
    Channel1Pulse                            0x20000038   Data           2  use_pwm.o(.data)
    needPid                                  0x2000003a   Data           1  use_pid.o(.data)
    __stdout                                 0x2000003c   Data           4  stdout.o(.data)
    TIM_TimeBaseStructure                    0x20000040   Data          10  use_pwm.o(.bss)
    TIM_OCInitStructure                      0x2000004a   Data          16  use_pwm.o(.bss)
    error                                    0x2000005c   Data          12  use_pid.o(.bss)
    pid_params                               0x20000068   Data          12  use_pid.o(.bss)
    __initial_sp                             0x20000478   Data           0  startup_stm32f10x_hd.o(STACK)



==============================================================================

Memory Map of the image

  Image Entry point : 0x08000131

  Load Region LR_IROM1 (Base: 0x08000000, Size: 0x00003304, Max: 0x00040000, ABSOLUTE)

    Execution Region ER_IROM1 (Base: 0x08000000, Size: 0x000032c4, Max: 0x00040000, ABSOLUTE)

    Base Addr    Size         Type   Attr      Idx    E Section Name        Object

    0x08000000   0x00000130   Data   RO          448    RESET               startup_stm32f10x_hd.o
    0x08000130   0x00000000   Code   RO          547  * .ARM.Collect$$$$00000000  mc_w.l(entry.o)
    0x08000130   0x00000004   Code   RO          825    .ARM.Collect$$$$00000001  mc_w.l(entry2.o)
    0x08000134   0x00000004   Code   RO          828    .ARM.Collect$$$$00000004  mc_w.l(entry5.o)
    0x08000138   0x00000000   Code   RO          830    .ARM.Collect$$$$00000008  mc_w.l(entry7b.o)
    0x08000138   0x00000008   Code   RO          831    .ARM.Collect$$$$00000009  mc_w.l(entry8.o)
    0x08000140   0x00000004   Code   RO          826    .ARM.Collect$$$$00002712  mc_w.l(entry2.o)
    0x08000144   0x00000050   Code   RO            1    .text               stm32f10x_it.o
    0x08000194   0x00000154   Code   RO           78    .text               main.o
    0x080002e8   0x00000078   Code   RO          114    .text               delay.o
    0x08000360   0x00000100   Code   RO          126    .text               misc.o
    0x08000460   0x000004d8   Code   RO          138    .text               stm32f10x_adc.o
    0x08000938   0x00000250   Code   RO          240    .text               stm32f10x_dma.o
    0x08000b88   0x000003ac   Code   RO          294    .text               stm32f10x_gpio.o
    0x08000f34   0x00000414   Code   RO          348    .text               stm32f10x_rcc.o
    0x08001348   0x00000fd0   Code   RO          407    .text               stm32f10x_tim.o
    0x08002318   0x000004a6   Code   RO          419    .text               stm32f10x_usart.o
    0x080027be   0x00000002   PAD
    0x080027c0   0x00000024   Code   RO          449    .text               startup_stm32f10x_hd.o
    0x080027e4   0x000001e0   Code   RO          464    .text               system_stm32f10x.o
    0x080029c4   0x000000f0   Code   RO          482    .text               use_uart.o
    0x08002ab4   0x00000158   Code   RO          494    .text               use_adc.o
    0x08002c0c   0x00000144   Code   RO          508    .text               use_pwm.o
    0x08002d50   0x00000108   Code   RO          524    .text               use_pid.o
    0x08002e58   0x000000b0   Code   RO          811    .text               mf_w.l(fadd.o)
    0x08002f08   0x0000006c   Code   RO          813    .text               mf_w.l(fmul.o)
    0x08002f74   0x00000080   Code   RO          815    .text               mf_w.l(fdiv.o)
    0x08002ff4   0x00000012   Code   RO          817    .text               mf_w.l(fflti.o)
    0x08003006   0x00000028   Code   RO          819    .text               mf_w.l(ffixui.o)
    0x0800302e   0x00000002   PAD
    0x08003030   0x00000014   Code   RO          821    .text               mf_w.l(cfcmple.o)
    0x08003044   0x00000014   Code   RO          823    .text               mf_w.l(cfrcmple.o)
    0x08003058   0x0000002c   Code   RO          833    .text               mc_w.l(uidiv.o)
    0x08003084   0x00000000   Code   RO          837    .text               mc_w.l(iusefp.o)
    0x08003084   0x0000006c   Code   RO          838    .text               mf_w.l(fepilogue.o)
    0x080030f0   0x00000024   Code   RO          850    .text               mc_w.l(init.o)
    0x08003114   0x00000020   Code   RO          595    i.__0printf$1       mc_w.l(printf1.o)
    0x08003134   0x0000000e   Code   RO          862    i.__scatterload_copy  mc_w.l(handlers.o)
    0x08003142   0x00000002   Code   RO          863    i.__scatterload_null  mc_w.l(handlers.o)
    0x08003144   0x0000000e   Code   RO          864    i.__scatterload_zeroinit  mc_w.l(handlers.o)
    0x08003152   0x00000002   PAD
    0x08003154   0x00000150   Code   RO          602    i._printf_core      mc_w.l(printf1.o)
    0x080032a4   0x00000020   Data   RO          860    Region$$Table       anon$$obj.o


    Execution Region RW_IRAM1 (Base: 0x20000000, Size: 0x00000478, Max: 0x0000c000, ABSOLUTE)

    Base Addr    Size         Type   Attr      Idx    E Section Name        Object

    0x20000000   0x00000008   Data   RW           79    .data               main.o
    0x20000008   0x00000014   Data   RW          349    .data               stm32f10x_rcc.o
    0x2000001c   0x00000014   Data   RW          465    .data               system_stm32f10x.o
    0x20000030   0x00000004   Data   RW          495    .data               use_adc.o
    0x20000034   0x00000006   Data   RW          510    .data               use_pwm.o
    0x2000003a   0x00000001   Data   RW          526    .data               use_pid.o
    0x2000003b   0x00000001   PAD
    0x2000003c   0x00000004   Data   RW          832    .data               mc_w.l(stdout.o)
    0x20000040   0x0000001a   Zero   RW          509    .bss                use_pwm.o
    0x2000005a   0x00000002   PAD
    0x2000005c   0x00000018   Zero   RW          525    .bss                use_pid.o
    0x20000074   0x00000004   PAD
    0x20000078   0x00000400   Zero   RW          446    STACK               startup_stm32f10x_hd.o


==============================================================================

Image component sizes


      Code (inc. data)   RO Data    RW Data    ZI Data      Debug   Object Name

       120          0          0          0          0        656   delay.o
       340         44          0          8          0       2541   main.o
       256         30          0          0          0       1869   misc.o
        36          8        304          0       1024        900   startup_stm32f10x_hd.o
      1240         28          0          0          0      11217   stm32f10x_adc.o
       592         20          0          0          0       4438   stm32f10x_dma.o
       940         46          0          0          0       5849   stm32f10x_gpio.o
        80          8          0          0          0     273418   stm32f10x_it.o
      1044         52          0         20          0       9028   stm32f10x_rcc.o
      4048         86          0          0          0      23128   stm32f10x_tim.o
      1190         22          0          0          0       8568   stm32f10x_usart.o
       480         36          0         20          0       1791   system_stm32f10x.o
       344         22          0          4          0       1916   use_adc.o
       264         24          0          1         24       2618   use_pid.o
       324         36          0          6         26       1735   use_pwm.o
       240          8          0          0          0       1189   use_uart.o

    ----------------------------------------------------------------------
     11540        470        336         60       1080     350861   Object Totals
         0          0         32          0          0          0   (incl. Generated)
         2          0          0          1          6          0   (incl. Padding)

    ----------------------------------------------------------------------

      Code (inc. data)   RO Data    RW Data    ZI Data      Debug   Library Member Name

         0          0          0          0          0          0   entry.o
         8          4          0          0          0          0   entry2.o
         4          0          0          0          0          0   entry5.o
         0          0          0          0          0          0   entry7b.o
         8          4          0          0          0          0   entry8.o
        30          0          0          0          0          0   handlers.o
        36          8          0          0          0         68   init.o
         0          0          0          0          0          0   iusefp.o
       368         14          0          0          0        180   printf1.o
         0          0          0          4          0          0   stdout.o
        44          0          0          0          0         80   uidiv.o
        20          0          0          0          0         68   cfcmple.o
        20          0          0          0          0         68   cfrcmple.o
       176          0          0          0          0        140   fadd.o
       128          0          0          0          0         88   fdiv.o
       108          0          0          0          0        168   fepilogue.o
        40          0          0          0          0         68   ffixui.o
        18          0          0          0          0         68   fflti.o
       108          0          0          0          0         76   fmul.o

    ----------------------------------------------------------------------
      1120         30          0          4          0       1072   Library Totals
         4          0          0          0          0          0   (incl. Padding)

    ----------------------------------------------------------------------

      Code (inc. data)   RO Data    RW Data    ZI Data      Debug   Library Name

       498         30          0          4          0        328   mc_w.l
       618          0          0          0          0        744   mf_w.l

    ----------------------------------------------------------------------
      1120         30          0          4          0       1072   Library Totals

    ----------------------------------------------------------------------

==============================================================================


      Code (inc. data)   RO Data    RW Data    ZI Data      Debug   

     12660        500        336         64       1080     349957   Grand Totals
     12660        500        336         64       1080     349957   ELF Image Totals
     12660        500        336         64          0          0   ROM Totals

==============================================================================

    Total RO  Size (Code + RO Data)                12996 (  12.69kB)
    Total RW  Size (RW Data + ZI Data)              1144 (   1.12kB)
    Total ROM Size (Code + RO Data + RW Data)      13060 (  12.75kB)

==============================================================================

