<html>
<body>
<pre>
<h1>µVision Build Log</h1>
<h2>Project:</h2>
C:\Users\Administrator\Desktop\ÎÂ¿Ø\Hector\RVMDK\V1.0\Project\Pro\Hector.uvproj
Project File Date:  03/17/2014

<h2>Output:</h2>
Load "..\\OBJ\\Hector.AXF" 
* JLink Info: Device "STM32F103VC" selected (256 KB flash, 48 KB RAM).
Set JLink Project File to "C:\Users\Administrator\Desktop\ÎÂ¿Ø\Hector\RVMDK\V1.0\Project\Pro\JLinkSettings.ini"
 
JLink info:
------------
DLL: V4.50 , compiled Jun  1 2012 22:44:17
Firmware: J-Link ARM V8 compiled Jun  1 2012 09:22:18
Hardware: V8.00
S/N : 17935099 
Feature(s) : RDI,FlashDL,FlashBP,JFlash 
 
* JLink Info: TotalIRLen = 9, IRPrint = 0x0011
* JLink Info: TotalIRLen = 9, IRPrint = 0x0011
* JLink Info: Found Cortex-M3 r1p1, Little endian.
* JLink Info: TPIU fitted.
* JLink Info: ETM fitted.
* JLink Info: FPUnit: 6 code (BP) slots and 2 literal slots
ROMTableAddr = 0xE00FF003
* JLink Info: Found Cortex-M3 r1p1, Little endian.
* JLink Info: TPIU fitted.
* JLink Info: ETM fitted.
* JLink Info: FPUnit: 6 code (BP) slots and 2 literal slots
 
Target info:
------------
Device: STM32F103VC
VTarget = 3.319V
State of Pins: 
TCK: 1, TDI: 0, TDO: 1, TMS: 0, TRES: 1, TRST: 1
Hardware-Breakpoints: 6
Software-Breakpoints: 8192
Watchpoints:          4
JTAG speed: 2000 kHz
 
Erase Done.
Programming Done.
Verify OK.
Build target 'Hector'
compiling main.c...
..\..\USER\SRC\main.c(118): warning:  #111-D: statement is unreachable
linking...
Program Size: Code=12644 RO-data=336 RW-data=64 ZI-data=1080  
FromELF: creating hex file...
"..\OBJ\Hector.axf" - 0 Error(s), 1 Warning(s).
Load "..\\OBJ\\Hector.AXF" 
* JLink Info: Device "STM32F103VC" selected (256 KB flash, 48 KB RAM).
Set JLink Project File to "C:\Users\Administrator\Desktop\ÎÂ¿Ø\Hector\RVMDK\V1.0\Project\Pro\JLinkSettings.ini"
 
JLink info:
------------
DLL: V4.50 , compiled Jun  1 2012 22:44:17
Firmware: J-Link ARM V8 compiled Jun  1 2012 09:22:18
Hardware: V8.00
S/N : 17935099 
Feature(s) : RDI,FlashDL,FlashBP,JFlash 
 
* JLink Info: TotalIRLen = 9, IRPrint = 0x0011
* JLink Info: TotalIRLen = 9, IRPrint = 0x0011
* JLink Info: Found Cortex-M3 r1p1, Little endian.
* JLink Info: TPIU fitted.
* JLink Info: ETM fitted.
* JLink Info: FPUnit: 6 code (BP) slots and 2 literal slots
ROMTableAddr = 0xE00FF003
* JLink Info: Found Cortex-M3 r1p1, Little endian.
* JLink Info: TPIU fitted.
* JLink Info: ETM fitted.
* JLink Info: FPUnit: 6 code (BP) slots and 2 literal slots
 
Target info:
------------
Device: STM32F103VC
VTarget = 3.313V
State of Pins: 
TCK: 1, TDI: 0, TDO: 1, TMS: 0, TRES: 1, TRST: 1
Hardware-Breakpoints: 6
Software-Breakpoints: 8192
Watchpoints:          4
JTAG speed: 2000 kHz
 
Erase Done.
Programming Done.
Verify OK.
Build target 'Hector'
compiling main.c...
..\..\USER\SRC\main.c(118): warning:  #111-D: statement is unreachable
linking...
Program Size: Code=12632 RO-data=336 RW-data=64 ZI-data=1080  
FromELF: creating hex file...
"..\OBJ\Hector.axf" - 0 Error(s), 1 Warning(s).
Load "..\\OBJ\\Hector.AXF" 
* JLink Info: Device "STM32F103VC" selected (256 KB flash, 48 KB RAM).
Set JLink Project File to "C:\Users\Administrator\Desktop\ÎÂ¿Ø\Hector\RVMDK\V1.0\Project\Pro\JLinkSettings.ini"
 
JLink info:
------------
DLL: V4.50 , compiled Jun  1 2012 22:44:17
Firmware: J-Link ARM V8 compiled Jun  1 2012 09:22:18
Hardware: V8.00
S/N : 17935099 
Feature(s) : RDI,FlashDL,FlashBP,JFlash 
 
* JLink Info: TotalIRLen = 9, IRPrint = 0x0011
* JLink Info: TotalIRLen = 9, IRPrint = 0x0011
* JLink Info: Found Cortex-M3 r1p1, Little endian.
* JLink Info: TPIU fitted.
* JLink Info: ETM fitted.
* JLink Info: FPUnit: 6 code (BP) slots and 2 literal slots
ROMTableAddr = 0xE00FF003
* JLink Info: Found Cortex-M3 r1p1, Little endian.
* JLink Info: TPIU fitted.
* JLink Info: ETM fitted.
* JLink Info: FPUnit: 6 code (BP) slots and 2 literal slots
 
Target info:
------------
Device: STM32F103VC
VTarget = 3.319V
State of Pins: 
TCK: 1, TDI: 0, TDO: 1, TMS: 0, TRES: 1, TRST: 1
Hardware-Breakpoints: 6
Software-Breakpoints: 8192
Watchpoints:          4
JTAG speed: 2000 kHz
 
Erase Done.
Programming Done.
Verify OK.
Build target 'Hector'
compiling main.c...
..\..\USER\SRC\main.c(119): warning:  #111-D: statement is unreachable
linking...
Program Size: Code=12652 RO-data=336 RW-data=64 ZI-data=1080  
FromELF: creating hex file...
"..\OBJ\Hector.axf" - 0 Error(s), 1 Warning(s).
Load "..\\OBJ\\Hector.AXF" 
* JLink Info: Device "STM32F103VC" selected (256 KB flash, 48 KB RAM).
Set JLink Project File to "C:\Users\Administrator\Desktop\ÎÂ¿Ø\Hector\RVMDK\V1.0\Project\Pro\JLinkSettings.ini"
 
JLink info:
------------
DLL: V4.50 , compiled Jun  1 2012 22:44:17
Firmware: J-Link ARM V8 compiled Jun  1 2012 09:22:18
Hardware: V8.00
S/N : 17935099 
Feature(s) : RDI,FlashDL,FlashBP,JFlash 
 
* JLink Info: TotalIRLen = 9, IRPrint = 0x0011
* JLink Info: TotalIRLen = 9, IRPrint = 0x0011
* JLink Info: Found Cortex-M3 r1p1, Little endian.
* JLink Info: TPIU fitted.
* JLink Info: ETM fitted.
* JLink Info: FPUnit: 6 code (BP) slots and 2 literal slots
ROMTableAddr = 0xE00FF003
* JLink Info: Found Cortex-M3 r1p1, Little endian.
* JLink Info: TPIU fitted.
* JLink Info: ETM fitted.
* JLink Info: FPUnit: 6 code (BP) slots and 2 literal slots
 
Target info:
------------
Device: STM32F103VC
VTarget = 3.313V
State of Pins: 
TCK: 1, TDI: 0, TDO: 1, TMS: 0, TRES: 1, TRST: 1
Hardware-Breakpoints: 6
Software-Breakpoints: 8192
Watchpoints:          4
JTAG speed: 2000 kHz
 
Erase Done.
Programming Done.
Verify OK.
Build target 'Hector'
linking...
Program Size: Code=12652 RO-data=336 RW-data=64 ZI-data=1080  
FromELF: creating hex file...
"..\OBJ\Hector.axf" - 0 Error(s), 0 Warning(s).
Load "..\\OBJ\\Hector.AXF" 
* JLink Info: Device "STM32F103VC" selected (256 KB flash, 48 KB RAM).
Set JLink Project File to "C:\Users\Administrator\Desktop\ÎÂ¿Ø\Hector\RVMDK\V1.0\Project\Pro\JLinkSettings.ini"
 
JLink info:
------------
DLL: V4.50 , compiled Jun  1 2012 22:44:17
Firmware: J-Link ARM V8 compiled Jun  1 2012 09:22:18
Hardware: V8.00
S/N : 17935099 
Feature(s) : RDI,FlashDL,FlashBP,JFlash 
 
* JLink Info: TotalIRLen = 9, IRPrint = 0x0011
* JLink Info: TotalIRLen = 9, IRPrint = 0x0011
* JLink Info: Found Cortex-M3 r1p1, Little endian.
* JLink Info: TPIU fitted.
* JLink Info: ETM fitted.
* JLink Info: FPUnit: 6 code (BP) slots and 2 literal slots
ROMTableAddr = 0xE00FF003
* JLink Info: Found Cortex-M3 r1p1, Little endian.
* JLink Info: TPIU fitted.
* JLink Info: ETM fitted.
* JLink Info: FPUnit: 6 code (BP) slots and 2 literal slots
 
Target info:
------------
Device: STM32F103VC
VTarget = 3.313V
State of Pins: 
TCK: 1, TDI: 0, TDO: 1, TMS: 0, TRES: 1, TRST: 1
Hardware-Breakpoints: 6
Software-Breakpoints: 8192
Watchpoints:          4
JTAG speed: 2000 kHz
 
Erase Done.
Programming Done.
Verify OK.
Build target 'Hector'
compiling main.c...
..\..\USER\SRC\main.c(119): warning:  #111-D: statement is unreachable
linking...
Program Size: Code=12660 RO-data=336 RW-data=64 ZI-data=1080  
FromELF: creating hex file...
"..\OBJ\Hector.axf" - 0 Error(s), 1 Warning(s).
Load "..\\OBJ\\Hector.AXF" 
* JLink Info: Device "STM32F103VC" selected (256 KB flash, 48 KB RAM).
Set JLink Project File to "C:\Users\Administrator\Desktop\ÎÂ¿Ø\Hector\RVMDK\V1.0\Project\Pro\JLinkSettings.ini"
 
JLink info:
------------
DLL: V4.50 , compiled Jun  1 2012 22:44:17
Firmware: J-Link ARM V8 compiled Jun  1 2012 09:22:18
Hardware: V8.00
S/N : 17935099 
Feature(s) : RDI,FlashDL,FlashBP,JFlash 
 
* JLink Info: TotalIRLen = 9, IRPrint = 0x0011
* JLink Info: TotalIRLen = 9, IRPrint = 0x0011
* JLink Info: Found Cortex-M3 r1p1, Little endian.
* JLink Info: TPIU fitted.
* JLink Info: ETM fitted.
* JLink Info: FPUnit: 6 code (BP) slots and 2 literal slots
ROMTableAddr = 0xE00FF003
* JLink Info: Found Cortex-M3 r1p1, Little endian.
* JLink Info: TPIU fitted.
* JLink Info: ETM fitted.
* JLink Info: FPUnit: 6 code (BP) slots and 2 literal slots
 
Target info:
------------
Device: STM32F103VC
VTarget = 3.313V
State of Pins: 
TCK: 1, TDI: 0, TDO: 1, TMS: 0, TRES: 1, TRST: 1
Hardware-Breakpoints: 6
Software-Breakpoints: 8192
Watchpoints:          4
JTAG speed: 2000 kHz
 
Erase Done.
Programming Done.
Verify OK.
